
 Start         Length     Name                   Class
 0001:00401000 000D3490H .text                   CODE
 0002:004D5000 00000A10H .itext                  ICODE
 0003:004D6000 000057C4H .data                   DATA
 0004:004DC000 000063DCH .bss                    BSS
 0005:00000000 00000118H .tls                    TLS


Detailed map of segments

 0001:00000000 00007D0B C=CODE     S=.text    G=(none)   M=System   ACBP=A9
 0001:00007D0C 00000105 C=CODE     S=.text    G=(none)   M=SysInit  ACBP=A9
 0001:00007E14 000002F8 C=CODE     S=.text    G=(none)   M=Types    ACBP=A9
 0001:0000810C 000013A4 C=CODE     S=.text    G=(none)   M=Windows  ACBP=A9
 0001:000094B0 00000089 C=CODE     S=.text    G=(none)   M=Messages ACBP=A9
 0001:0000953C 00000F7F C=CODE     S=.text    G=(none)   M=madNVPrgrAlert ACBP=A9
 0001:0000A4BC 00000192 C=CODE     S=.text    G=(none)   M=madTypes ACBP=A9
 0001:0000A650 00003118 C=CODE     S=.text    G=(none)   M=madStrings ACBP=A9
 0001:0000D768 00004992 C=CODE     S=.text    G=(none)   M=madZip   ACBP=A9
 0001:000120FC 00002B94 C=CODE     S=.text    G=(none)   M=madNVBitmap ACBP=A9
 0001:00014C90 00002085 C=CODE     S=.text    G=(none)   M=madTools ACBP=A9
 0001:00016D18 00000BC9 C=CODE     S=.text    G=(none)   M=madCrypt ACBP=A9
 0001:000178E4 00006D4C C=CODE     S=.text    G=(none)   M=madDisAsm ACBP=A9
 0001:0001E630 00004885 C=CODE     S=.text    G=(none)   M=madMapFile ACBP=A9
 0001:00022EB8 000068C0 C=CODE     S=.text    G=(none)   M=madNVAssistant ACBP=A9
 0001:00029778 000048A8 C=CODE     S=.text    G=(none)   M=madStackTrace ACBP=A9
 0001:0002E020 00000076 C=CODE     S=.text    G=(none)   M=WinSock  ACBP=A9
 0001:0002E098 00000318 C=CODE     S=.text    G=(none)   M=SysConst ACBP=A9
 0001:0002E3B0 00000016 C=CODE     S=.text    G=(none)   M=ShellAPI ACBP=A9
 0001:0002E3C8 00000026 C=CODE     S=.text    G=(none)   M=ActiveX  ACBP=A9
 0001:0002E3F0 00000210 C=CODE     S=.text    G=(none)   M=CommCtrl ACBP=A9
 0001:0002E600 0000020C C=CODE     S=.text    G=(none)   M=ShlObj   ACBP=A9
 0001:0002E80C 00000016 C=CODE     S=.text    G=(none)   M=CommDlg  ACBP=A9
 0001:0002E824 00028DF9 C=CODE     S=.text    G=(none)   M=madExcept ACBP=A9
 0001:00057620 0000002E C=CODE     S=.text    G=(none)   M=madLinkDisAsm ACBP=A9
 0001:00057650 00000EB0 C=CODE     S=.text    G=(none)   M=madListHardware ACBP=A9
 0001:00058500 00000DC4 C=CODE     S=.text    G=(none)   M=madListProcesses ACBP=A9
 0001:000592C4 000004E4 C=CODE     S=.text    G=(none)   M=madListModules ACBP=A9
 0001:000597A8 00000138 C=CODE     S=.text    G=(none)   M=RTLConsts ACBP=A9
 0001:000598E0 00000230 C=CODE     S=.text    G=(none)   M=Character ACBP=A9
 0001:00059B10 00000131 C=CODE     S=.text    G=(none)   M=StrUtils ACBP=A9
 0001:00059C44 0000A01A C=CODE     S=.text    G=(none)   M=SysUtils ACBP=A9
 0001:00063C60 000007FA C=CODE     S=.text    G=(none)   M=VarUtils ACBP=A9
 0001:0006445C 00002E34 C=CODE     S=.text    G=(none)   M=Variants ACBP=A9
 0001:00067290 00000DF3 C=CODE     S=.text    G=(none)   M=TypInfo  ACBP=A9
 0001:00068084 0000BBAB C=CODE     S=.text    G=(none)   M=Classes  ACBP=A9
 0001:00073C30 000001A9 C=CODE     S=.text    G=(none)   M=Contnrs  ACBP=A9
 0001:00073DDC 0000182A C=CODE     S=.text    G=(none)   M=HelpIntfs ACBP=A9
 0001:00075608 00000876 C=CODE     S=.text    G=(none)   M=MultiMon ACBP=A9
 0001:00075E80 00000318 C=CODE     S=.text    G=(none)   M=Consts   ACBP=A9
 0001:00076198 00000065 C=CODE     S=.text    G=(none)   M=IniFiles ACBP=A9
 0001:00076200 00000659 C=CODE     S=.text    G=(none)   M=Registry ACBP=A9
 0001:0007685C 0000A276 C=CODE     S=.text    G=(none)   M=Graphics ACBP=A9
 0001:00080AD4 00000BC2 C=CODE     S=.text    G=(none)   M=SyncObjs ACBP=A9
 0001:00081698 00000F71 C=CODE     S=.text    G=(none)   M=UxTheme  ACBP=A9
 0001:0008260C 000001E0 C=CODE     S=.text    G=(none)   M=DwmApi   ACBP=A9
 0001:000827EC 0000178A C=CODE     S=.text    G=(none)   M=GraphUtil ACBP=A9
 0001:00083F78 00005D28 C=CODE     S=.text    G=(none)   M=StdCtrls ACBP=A9
 0001:00089CA0 00000039 C=CODE     S=.text    G=(none)   M=RichEdit ACBP=A9
 0001:00089CDC 00000026 C=CODE     S=.text    G=(none)   M=WinSpool ACBP=A9
 0001:00089D04 00001032 C=CODE     S=.text    G=(none)   M=Printers ACBP=A9
 0001:0008AD38 00000047 C=CODE     S=.text    G=(none)   M=WideStrUtils ACBP=A9
 0001:0008AD80 0000003A C=CODE     S=.text    G=(none)   M=Clipbrd  ACBP=A9
 0001:0008ADBC 00000018 C=CODE     S=.text    G=(none)   M=ComStrs  ACBP=A9
 0001:0008ADD4 00003DEE C=CODE     S=.text    G=(none)   M=ExtCtrls ACBP=A9
 0001:0008EBC4 00003D81 C=CODE     S=.text    G=(none)   M=ComCtrls ACBP=A9
 0001:00092948 00007D60 C=CODE     S=.text    G=(none)   M=Dialogs  ACBP=A9
 0001:0009A6A8 00000139 C=CODE     S=.text    G=(none)   M=StdActns ACBP=A9
 0001:0009A7E4 000003AE C=CODE     S=.text    G=(none)   M=FlatSB   ACBP=A9
 0001:0009AB94 00008145 C=CODE     S=.text    G=(none)   M=Menus    ACBP=A9
 0001:000A2CDC 00016480 C=CODE     S=.text    G=(none)   M=Controls ACBP=A9
 0001:000B915C 00000EC2 C=CODE     S=.text    G=(none)   M=Themes   ACBP=A9
 0001:000BA020 00001CA1 C=CODE     S=.text    G=(none)   M=ImgList  ACBP=A9
 0001:000BBCC4 00001542 C=CODE     S=.text    G=(none)   M=ActnList ACBP=A9
 0001:000BD208 0000FA44 C=CODE     S=.text    G=(none)   M=Forms    ACBP=A9
 0001:000CCC4C 00002F81 C=CODE     S=.text    G=(none)   M=Buttons  ACBP=A9
 0001:000CFBD0 00000324 C=CODE     S=.text    G=(none)   M=VersionInfo ACBP=A9
 0001:000CFEF4 00000350 C=CODE     S=.text    G=(none)   M=tfAbout  ACBP=A9
 0001:000D0244 00002F99 C=CODE     S=.text    G=(none)   M=tfMain   ACBP=A9
 0001:000D31E0 000002B0 C=CODE     S=.text    G=(none)   M=FailSafeNumberCalculator ACBP=A9
 0002:00000000 000000AE C=ICODE    S=.itext   G=(none)   M=System   ACBP=A9
 0002:000000B0 00000011 C=ICODE    S=.itext   G=(none)   M=Windows  ACBP=A9
 0002:000000C4 00000008 C=ICODE    S=.itext   G=(none)   M=madStrings ACBP=A9
 0002:000000CC 0000002F C=ICODE    S=.itext   G=(none)   M=madTools ACBP=A9
 0002:000000FC 00000008 C=ICODE    S=.itext   G=(none)   M=madDisAsm ACBP=A9
 0002:00000104 00000047 C=ICODE    S=.itext   G=(none)   M=madMapFile ACBP=A9
 0002:0000014C 00000008 C=ICODE    S=.itext   G=(none)   M=madStackTrace ACBP=A9
 0002:00000154 0000004D C=ICODE    S=.itext   G=(none)   M=madExcept ACBP=A9
 0002:000001A4 00000017 C=ICODE    S=.itext   G=(none)   M=madLinkDisAsm ACBP=A9
 0002:000001BC 00000060 C=ICODE    S=.itext   G=(none)   M=madListHardware ACBP=A9
 0002:0000021C 00000060 C=ICODE    S=.itext   G=(none)   M=madListProcesses ACBP=A9
 0002:0000027C 00000058 C=ICODE    S=.itext   G=(none)   M=madListModules ACBP=A9
 0002:000002D4 00000094 C=ICODE    S=.itext   G=(none)   M=SysUtils ACBP=A9
 0002:00000368 0000000F C=ICODE    S=.itext   G=(none)   M=VarUtils ACBP=A9
 0002:00000378 000000AA C=ICODE    S=.itext   G=(none)   M=Variants ACBP=A9
 0002:00000424 00000008 C=ICODE    S=.itext   G=(none)   M=TypInfo  ACBP=A9
 0002:0000042C 00000092 C=ICODE    S=.itext   G=(none)   M=Classes  ACBP=A9
 0002:000004C0 00000008 C=ICODE    S=.itext   G=(none)   M=HelpIntfs ACBP=A9
 0002:000004C8 0000000F C=ICODE    S=.itext   G=(none)   M=MultiMon ACBP=A9
 0002:000004D8 00000008 C=ICODE    S=.itext   G=(none)   M=IniFiles ACBP=A9
 0002:000004E0 00000008 C=ICODE    S=.itext   G=(none)   M=Registry ACBP=A9
 0002:000004E8 000000FB C=ICODE    S=.itext   G=(none)   M=Graphics ACBP=A9
 0002:000005E4 0000000F C=ICODE    S=.itext   G=(none)   M=SyncObjs ACBP=A9
 0002:000005F4 0000001B C=ICODE    S=.itext   G=(none)   M=UxTheme  ACBP=A9
 0002:00000610 00000008 C=ICODE    S=.itext   G=(none)   M=DwmApi   ACBP=A9
 0002:00000618 00000086 C=ICODE    S=.itext   G=(none)   M=GraphUtil ACBP=A9
 0002:000006A0 00000008 C=ICODE    S=.itext   G=(none)   M=Printers ACBP=A9
 0002:000006A8 00000078 C=ICODE    S=.itext   G=(none)   M=Clipbrd  ACBP=A9
 0002:00000720 00000054 C=ICODE    S=.itext   G=(none)   M=ExtCtrls ACBP=A9
 0002:00000774 00000039 C=ICODE    S=.itext   G=(none)   M=ComCtrls ACBP=A9
 0002:000007B0 0000003D C=ICODE    S=.itext   G=(none)   M=Dialogs  ACBP=A9
 0002:000007F0 0000000F C=ICODE    S=.itext   G=(none)   M=FlatSB   ACBP=A9
 0002:00000800 00000085 C=ICODE    S=.itext   G=(none)   M=Menus    ACBP=A9
 0002:00000888 00000088 C=ICODE    S=.itext   G=(none)   M=Controls ACBP=A9
 0002:00000910 00000008 C=ICODE    S=.itext   G=(none)   M=Themes   ACBP=A9
 0002:00000918 0000002A C=ICODE    S=.itext   G=(none)   M=ActnList ACBP=A9
 0002:00000944 0000005C C=ICODE    S=.itext   G=(none)   M=Forms    ACBP=A9
 0002:000009A0 00000025 C=ICODE    S=.itext   G=(none)   M=Buttons  ACBP=A9
 0002:000009C8 00000045 C=ICODE    S=.itext   G=(none)   M=FailSafeNumberCalculator ACBP=A9
 0003:00000000 000007C6 C=DATA     S=.data    G=DGROUP   M=System   ACBP=A9
 0003:000007C8 00000020 C=DATA     S=.data    G=DGROUP   M=SysInit  ACBP=A9
 0003:000007E8 00000214 C=DATA     S=.data    G=DGROUP   M=madStrings ACBP=A9
 0003:000009FC 000010C4 C=DATA     S=.data    G=DGROUP   M=madZip   ACBP=A9
 0003:00001AC0 00000064 C=DATA     S=.data    G=DGROUP   M=madTools ACBP=A9
 0003:00001B24 00001088 C=DATA     S=.data    G=DGROUP   M=madCrypt ACBP=A9
 0003:00002BAC 00000818 C=DATA     S=.data    G=DGROUP   M=madDisAsm ACBP=A9
 0003:000033C4 00000004 C=DATA     S=.data    G=DGROUP   M=madMapFile ACBP=A9
 0003:000033C8 0000000C C=DATA     S=.data    G=DGROUP   M=madNVAssistant ACBP=A9
 0003:000033D4 00000004 C=DATA     S=.data    G=DGROUP   M=madStackTrace ACBP=A9
 0003:000033D8 00000020 C=DATA     S=.data    G=DGROUP   M=ShlObj   ACBP=A9
 0003:000033F8 00000944 C=DATA     S=.data    G=DGROUP   M=madExcept ACBP=A9
 0003:00003D3C 00000018 C=DATA     S=.data    G=DGROUP   M=madListProcesses ACBP=A9
 0003:00003D54 00000100 C=DATA     S=.data    G=DGROUP   M=Character ACBP=A9
 0003:00003E54 0000027C C=DATA     S=.data    G=DGROUP   M=SysUtils ACBP=A9
 0003:000040D0 00000008 C=DATA     S=.data    G=DGROUP   M=VarUtils ACBP=A9
 0003:000040D8 00000092 C=DATA     S=.data    G=DGROUP   M=Variants ACBP=A9
 0003:0000416C 0000000C C=DATA     S=.data    G=DGROUP   M=TypInfo  ACBP=A9
 0003:00004178 00000064 C=DATA     S=.data    G=DGROUP   M=Classes  ACBP=A9
 0003:000041DC 00000008 C=DATA     S=.data    G=DGROUP   M=IniFiles ACBP=A9
 0003:000041E4 00000008 C=DATA     S=.data    G=DGROUP   M=Registry ACBP=A9
 0003:000041EC 000003B8 C=DATA     S=.data    G=DGROUP   M=Graphics ACBP=A9
 0003:000045A4 00000450 C=DATA     S=.data    G=DGROUP   M=GraphUtil ACBP=A9
 0003:000049F4 000000E8 C=DATA     S=.data    G=DGROUP   M=StdCtrls ACBP=A9
 0003:00004ADC 00000004 C=DATA     S=.data    G=DGROUP   M=Printers ACBP=A9
 0003:00004AE0 00000020 C=DATA     S=.data    G=DGROUP   M=ExtCtrls ACBP=A9
 0003:00004B00 00000021 C=DATA     S=.data    G=DGROUP   M=ComCtrls ACBP=A9
 0003:00004B24 000002B4 C=DATA     S=.data    G=DGROUP   M=Dialogs  ACBP=A9
 0003:00004DD8 00000134 C=DATA     S=.data    G=DGROUP   M=Menus    ACBP=A9
 0003:00004F0C 0000013C C=DATA     S=.data    G=DGROUP   M=Controls ACBP=A9
 0003:00005048 00000068 C=DATA     S=.data    G=DGROUP   M=Themes   ACBP=A9
 0003:000050B0 0000003C C=DATA     S=.data    G=DGROUP   M=ImgList  ACBP=A9
 0003:000050EC 00000140 C=DATA     S=.data    G=DGROUP   M=Forms    ACBP=A9
 0003:0000522C 00000090 C=DATA     S=.data    G=DGROUP   M=Buttons  ACBP=A9
 0004:00000000 00002B48 C=BSS      S=.bss     G=DGROUP   M=System   ACBP=A9
 0004:00002B48 0000000C C=BSS      S=.bss     G=DGROUP   M=SysInit  ACBP=A9
 0004:00002B54 00000008 C=BSS      S=.bss     G=DGROUP   M=Windows  ACBP=A9
 0004:00002B5C 00000004 C=BSS      S=.bss     G=DGROUP   M=madStrings ACBP=A9
 0004:00002B60 00001110 C=BSS      S=.bss     G=DGROUP   M=madZip   ACBP=A9
 0004:00003C70 00000028 C=BSS      S=.bss     G=DGROUP   M=madTools ACBP=A9
 0004:00003C98 00000004 C=BSS      S=.bss     G=DGROUP   M=madDisAsm ACBP=A9
 0004:00003C9C 00000008 C=BSS      S=.bss     G=DGROUP   M=madMapFile ACBP=A9
 0004:00003CA4 00000014 C=BSS      S=.bss     G=DGROUP   M=madStackTrace ACBP=A9
 0004:00003CB8 0000000C C=BSS      S=.bss     G=DGROUP   M=CommCtrl ACBP=A9
 0004:00003CC4 00000008 C=BSS      S=.bss     G=DGROUP   M=ShlObj   ACBP=A9
 0004:00003CCC 00000064 C=BSS      S=.bss     G=DGROUP   M=madExcept ACBP=A9
 0004:00003D30 00000004 C=BSS      S=.bss     G=DGROUP   M=madLinkDisAsm ACBP=A9
 0004:00003D34 00000004 C=BSS      S=.bss     G=DGROUP   M=madListHardware ACBP=A9
 0004:00003D38 00000004 C=BSS      S=.bss     G=DGROUP   M=madListProcesses ACBP=A9
 0004:00003D3C 00000004 C=BSS      S=.bss     G=DGROUP   M=madListModules ACBP=A9
 0004:00003D40 0000001C C=BSS      S=.bss     G=DGROUP   M=Character ACBP=A9
 0004:00003D5C 00002234 C=BSS      S=.bss     G=DGROUP   M=SysUtils ACBP=A9
 0004:00005F90 0000005C C=BSS      S=.bss     G=DGROUP   M=VarUtils ACBP=A9
 0004:00005FEC 00000040 C=BSS      S=.bss     G=DGROUP   M=Variants ACBP=A9
 0004:0000602C 00000004 C=BSS      S=.bss     G=DGROUP   M=TypInfo  ACBP=A9
 0004:00006030 00000048 C=BSS      S=.bss     G=DGROUP   M=Classes  ACBP=A9
 0004:00006078 00000008 C=BSS      S=.bss     G=DGROUP   M=HelpIntfs ACBP=A9
 0004:00006080 00000031 C=BSS      S=.bss     G=DGROUP   M=MultiMon ACBP=A9
 0004:000060B4 00000004 C=BSS      S=.bss     G=DGROUP   M=IniFiles ACBP=A9
 0004:000060B8 00000004 C=BSS      S=.bss     G=DGROUP   M=Registry ACBP=A9
 0004:000060BC 00000060 C=BSS      S=.bss     G=DGROUP   M=Graphics ACBP=A9
 0004:0000611C 00000018 C=BSS      S=.bss     G=DGROUP   M=SyncObjs ACBP=A9
 0004:00006134 000000DC C=BSS      S=.bss     G=DGROUP   M=UxTheme  ACBP=A9
 0004:00006210 00000010 C=BSS      S=.bss     G=DGROUP   M=DwmApi   ACBP=A9
 0004:00006220 00000010 C=BSS      S=.bss     G=DGROUP   M=GraphUtil ACBP=A9
 0004:00006230 00000004 C=BSS      S=.bss     G=DGROUP   M=Printers ACBP=A9
 0004:00006234 0000000C C=BSS      S=.bss     G=DGROUP   M=Clipbrd  ACBP=A9
 0004:00006240 00000008 C=BSS      S=.bss     G=DGROUP   M=ExtCtrls ACBP=A9
 0004:00006248 00000010 C=BSS      S=.bss     G=DGROUP   M=ComCtrls ACBP=A9
 0004:00006258 0000003C C=BSS      S=.bss     G=DGROUP   M=Dialogs  ACBP=A9
 0004:00006294 00000034 C=BSS      S=.bss     G=DGROUP   M=FlatSB   ACBP=A9
 0004:000062C8 00000010 C=BSS      S=.bss     G=DGROUP   M=Menus    ACBP=A9
 0004:000062D8 0000008C C=BSS      S=.bss     G=DGROUP   M=Controls ACBP=A9
 0004:00006364 0000000C C=BSS      S=.bss     G=DGROUP   M=Themes   ACBP=A9
 0004:00006370 00000008 C=BSS      S=.bss     G=DGROUP   M=ImgList  ACBP=A9
 0004:00006378 00000004 C=BSS      S=.bss     G=DGROUP   M=ActnList ACBP=A9
 0004:0000637C 00000028 C=BSS      S=.bss     G=DGROUP   M=Forms    ACBP=A9
 0004:000063A4 00000030 C=BSS      S=.bss     G=DGROUP   M=Buttons  ACBP=A9
 0004:000063D4 00000004 C=BSS      S=.bss     G=DGROUP   M=tfAbout  ACBP=A9
 0004:000063D8 00000004 C=BSS      S=.bss     G=DGROUP   M=tfMain   ACBP=A9
 0005:00000000 00000008 C=TLS      S=.tls     G=(none)   M=System   ACBP=A9
 0005:00000008 000000DC C=TLS      S=.tls     G=(none)   M=madExcept ACBP=A9
 0005:000000E4 0000000C C=TLS      S=.tls     G=(none)   M=Classes  ACBP=A9
 0005:000000F0 00000004 C=TLS      S=.tls     G=(none)   M=SyncObjs ACBP=A9
 0005:000000F4 00000024 C=TLS      S=.tls     G=(none)   M=GraphUtil ACBP=A9


  Address             Publics by Name

 0001:0002E3C8       ActiveX.CoCreateInstance
 0001:0002E3D0       ActiveX.CoTaskMemAlloc
 0001:0002E3D8       ActiveX.CoTaskMemFree
 0001:0002E3E0       ActiveX.OleInitialize
 0001:0002E3E8       ActiveX.OleUninitialize
 0004:00006378       ActnList..9
 0001:000BC12C       ActnList..TActionLink
 0001:000BBCC4       ActnList..TContainedAction
 0001:000BC018       ActnList..TCustomAction
 0001:000BBDF4       ActnList..TCustomActionList
 0001:000BBEE0       ActnList..TShortCutList
 0002:00000918       ActnList.ActnList
 0001:000BD1D8       ActnList.Finalization
 0001:000BC844       ActnList.TActionLink.IsCaptionLinked
 0001:000BC858       ActnList.TActionLink.IsCheckedLinked
 0001:000BC86C       ActnList.TActionLink.IsEnabledLinked
 0001:000BC880       ActnList.TActionLink.IsGroupIndexLinked
 0001:000BC894       ActnList.TActionLink.IsHelpContextLinked
 0001:000BC8A8       ActnList.TActionLink.IsHelpLinked
 0001:000BC8BC       ActnList.TActionLink.IsHintLinked
 0001:000BC8D0       ActnList.TActionLink.IsImageIndexLinked
 0001:000BC8E4       ActnList.TActionLink.IsShortCutLinked
 0001:000BC8F8       ActnList.TActionLink.IsVisibleLinked
 0001:000BC90C       ActnList.TActionLink.SetAutoCheck
 0001:000BC910       ActnList.TActionLink.SetCaption
 0001:000BC914       ActnList.TActionLink.SetChecked
 0001:000BC918       ActnList.TActionLink.SetEnabled
 0001:000BC91C       ActnList.TActionLink.SetGroupIndex
 0001:000BC920       ActnList.TActionLink.SetHelpContext
 0001:000BC924       ActnList.TActionLink.SetHelpKeyword
 0001:000BC928       ActnList.TActionLink.SetHelpType
 0001:000BC92C       ActnList.TActionLink.SetHint
 0001:000BC930       ActnList.TActionLink.SetImageIndex
 0001:000BC934       ActnList.TActionLink.SetShortCut
 0001:000BC938       ActnList.TActionLink.SetVisible
 0001:000BC208       ActnList.TContainedAction.Destroy
 0001:000BC374       ActnList.TContainedAction.Execute
 0001:000BC23C       ActnList.TContainedAction.GetIndex
 0001:000BC258       ActnList.TContainedAction.GetParentComponent
 0001:000BC268       ActnList.TContainedAction.HasParent
 0001:000BC254       ActnList.TContainedAction.IsCategoryStored
 0001:000BC278       ActnList.TContainedAction.ReadState
 0001:000BC320       ActnList.TContainedAction.SetActionList
 0001:000BC2F4       ActnList.TContainedAction.SetCategory
 0001:000BC2AC       ActnList.TContainedAction.SetIndex
 0001:000BC348       ActnList.TContainedAction.SetParentComponent
 0001:000BC3CC       ActnList.TContainedAction.Update
 0001:000BC9E8       ActnList.TCustomAction.AssignTo
 0001:000BC93C       ActnList.TCustomAction.Create
 0001:000BC990       ActnList.TCustomAction.Destroy
 0001:000BD074       ActnList.TCustomAction.DoHint
 0001:000BD09C       ActnList.TCustomAction.Execute
 0001:000BD100       ActnList.TCustomAction.GetSecondaryShortCuts
 0001:000BD15C       ActnList.TCustomAction.HandleShortCut
 0001:000BCAF4       ActnList.TCustomAction.SetAutoCheck
 0001:000BCB54       ActnList.TCustomAction.SetCaption
 0001:000BCBB4       ActnList.TCustomAction.SetChecked
 0001:000BCCBC       ActnList.TCustomAction.SetEnabled
 0001:000BCD38       ActnList.TCustomAction.SetGroupIndex
 0001:000BCE50       ActnList.TCustomAction.SetHelpContext
 0001:000BCDE8       ActnList.TCustomAction.SetHelpKeyword
 0001:000BCD90       ActnList.TCustomAction.SetHelpType
 0001:000BCEA8       ActnList.TCustomAction.SetHint
 0001:000BCF08       ActnList.TCustomAction.SetImageIndex
 0001:000BD028       ActnList.TCustomAction.SetName
 0001:000BD128       ActnList.TCustomAction.SetSecondaryShortCuts
 0001:000BCF64       ActnList.TCustomAction.SetShortCut
 0001:000BCFC8       ActnList.TCustomAction.SetVisible
 0001:000BC60C       ActnList.TCustomActionList.AddAction
 0001:000BC654       ActnList.TCustomActionList.Change
 0001:000BC424       ActnList.TCustomActionList.Create
 0001:000BC490       ActnList.TCustomActionList.Destroy
 0001:000BC760       ActnList.TCustomActionList.ExecuteAction
 0001:000BC560       ActnList.TCustomActionList.GetAction
 0001:000BC574       ActnList.TCustomActionList.GetActionCount
 0001:000BC4E8       ActnList.TCustomActionList.GetChildren
 0001:000BC5B0       ActnList.TCustomActionList.ImageListChange
 0001:000BC6BC       ActnList.TCustomActionList.IsShortCut
 0001:000BC5BC       ActnList.TCustomActionList.Notification
 0001:000BC62C       ActnList.TCustomActionList.RemoveAction
 0001:000BC530       ActnList.TCustomActionList.SetChildOrder
 0001:000BC57C       ActnList.TCustomActionList.SetImages
 0001:000BC7A0       ActnList.TCustomActionList.SetState
 0001:000BC780       ActnList.TCustomActionList.UpdateAction
 0001:000BD168       ActnList.TShortCutList.Add
 0001:000BD194       ActnList.TShortCutList.IndexOfShortCut
 0004:000063A4       Buttons..5
 0001:000CCE80       Buttons..TBitBtn
 0001:000CCD08       Buttons..TBitBtnActionLink
 0001:000CD9B4       Buttons..TButtonGlyph
 0001:000CD950       Buttons..TGlyphCache
 0001:000CD884       Buttons..TGlyphList
 0003:00005258       Buttons.BitBtnCaptions
 0004:000063A8       Buttons.BitBtnGlyphs
 0003:00005284       Buttons.BitBtnModalResults
 0003:0000522C       Buttons.BitBtnResNames
 0002:000009A0       Buttons.Buttons
 0001:000CF894       Buttons.DestroyLocals
 0001:000CE5F8       Buttons.DoDrawText
 0001:000CFB98       Buttons.Finalization
 0001:000CD7F8       Buttons.GetBitBtnGlyph
 0003:000052B0       Buttons.GlyphCache
 0001:000CF7B8       Buttons.TBitBtn.ActionChange
 0001:000CEE00       Buttons.TBitBtn.Click
 0001:000CF334       Buttons.TBitBtn.CMEnabledChanged
 0001:000CF31C       Buttons.TBitBtn.CMFontChanged
 0001:000CF8B0       Buttons.TBitBtn.CMMouseEnter
 0001:000CF8EC       Buttons.TBitBtn.CMMouseLeave
 0001:000CEE80       Buttons.TBitBtn.CNDrawItem
 0001:000CEE70       Buttons.TBitBtn.CNMeasureItem
 0001:000CF798       Buttons.TBitBtn.CopyImage
 0001:000CECBC       Buttons.TBitBtn.Create
 0001:000CEDB0       Buttons.TBitBtn.CreateHandle
 0001:000CEDDC       Buttons.TBitBtn.CreateParams
 0001:000CED74       Buttons.TBitBtn.Destroy
 0001:000CEE8C       Buttons.TBitBtn.DrawItem
 0001:000CF920       Buttons.TBitBtn.GetActionLinkClass
 0001:000CF3A4       Buttons.TBitBtn.GetGlyph
 0001:000CF688       Buttons.TBitBtn.GetKind
 0001:000CF718       Buttons.TBitBtn.GetNumGlyphs
 0001:000CF36C       Buttons.TBitBtn.GetPalette
 0001:000CF3B0       Buttons.TBitBtn.GlyphChanged
 0001:000CF3BC       Buttons.TBitBtn.InternalCopyImage
 0001:000CF444       Buttons.TBitBtn.IsCustom
 0001:000CF5AC       Buttons.TBitBtn.IsCustomCaption
 0001:000CEDEC       Buttons.TBitBtn.SetButtonStyle
 0001:000CF380       Buttons.TBitBtn.SetGlyph
 0001:000CF4A0       Buttons.TBitBtn.SetKind
 0001:000CF6F8       Buttons.TBitBtn.SetLayout
 0001:000CF774       Buttons.TBitBtn.SetMargin
 0001:000CF724       Buttons.TBitBtn.SetNumGlyphs
 0001:000CF754       Buttons.TBitBtn.SetSpacing
 0001:000CF480       Buttons.TBitBtn.SetStyle
 0001:000CF34C       Buttons.TBitBtn.WMLButtonDblClk
 0001:000CF928       Buttons.TBitBtnActionLink.AssignClient
 0001:000CF94C       Buttons.TBitBtnActionLink.Create
 0001:000CF9B8       Buttons.TBitBtnActionLink.IsGlyphLinked
 0001:000CF988       Buttons.TBitBtnActionLink.IsImageIndexLinked
 0001:000CFA7C       Buttons.TBitBtnActionLink.SetImageIndex
 0001:000CE8B4       Buttons.TButtonGlyph.CalcButtonLayout
 0001:000CDC4C       Buttons.TButtonGlyph.Create
 0001:000CDE54       Buttons.TButtonGlyph.CreateButtonGlyph
 0001:000CDCE4       Buttons.TButtonGlyph.Destroy
 0001:000CEC48       Buttons.TButtonGlyph.Draw
 0001:000CE428       Buttons.TButtonGlyph.DrawButtonGlyph
 0001:000CE7E8       Buttons.TButtonGlyph.DrawButtonText
 0001:000CDD84       Buttons.TButtonGlyph.GlyphChanged
 0001:000CDD40       Buttons.TButtonGlyph.Invalidate
 0001:000CDDB4       Buttons.TButtonGlyph.SetGlyph
 0001:000CDE2C       Buttons.TButtonGlyph.SetNumGlyphs
 0001:000CDB48       Buttons.TGlyphCache.Create
 0001:000CDB8C       Buttons.TGlyphCache.Destroy
 0001:000CDC40       Buttons.TGlyphCache.Empty
 0001:000CDBBC       Buttons.TGlyphCache.GetList
 0001:000CDC1C       Buttons.TGlyphCache.ReturnList
 0001:000CDAEC       Buttons.TGlyphList.AddMasked
 0001:000CDAA0       Buttons.TGlyphList.AllocateIndex
 0001:000CDA1C       Buttons.TGlyphList.CreateSize
 0001:000CDB18       Buttons.TGlyphList.Delete
 0001:000CDA70       Buttons.TGlyphList.Destroy
 0003:000052B4       Buttons.WordBreakFlag
 0004:00003D4C       Character.CategoryTable
 0004:00003D44       Character.CatIndexPrimary
 0004:00003D48       Character.CatIndexSecondary
 0004:00003D40       Character.DataTable
 0003:00003D54       Character.Latin1Categories
 0004:00003D58       Character.NumericValueTable
 0004:00003D50       Character.NumIndexPrimary
 0004:00003D54       Character.NumIndexSecondary
 0001:000598E0       Character.TCharacter.CheckLetter
 0001:000598EC       Character.TCharacter.CheckLetterOrDigit
 0001:00059A08       Character.TCharacter.GetUnicodeCategory
 0001:00059A68       Character.TCharacter.Initialize
 0001:000599FC       Character.TCharacter.IsAscii
 0001:000598FC       Character.TCharacter.IsLatin1
 0001:00059908       Character.TCharacter.IsLetter
 0001:00059994       Character.TCharacter.IsLetterOrDigit
 0004:0000603C       Classes..66
 0001:00068714       Classes..EBitsError
 0001:000685C8       Classes..EClassNotFound
 0001:000687F4       Classes..EComponentError
 0001:000683A8       Classes..EFCreateError
 0001:00068484       Classes..EFilerError
 0001:00068334       Classes..EFileStreamError
 0001:00068418       Classes..EFOpenError
 0001:000688D4       Classes..EInvalidOperation
 0001:000686A8       Classes..EListError
 0001:00068864       Classes..EOutOfResources
 0001:000684F0       Classes..EReadError
 0001:00068638       Classes..EResNotFound
 0001:000682C4       Classes..EStreamError
 0001:00068780       Classes..EStringListError
 0001:000697A4       Classes..EThread
 0001:0006855C       Classes..EWriteError
 0001:00069BD4       Classes..TBasicAction
 0001:00069B48       Classes..TBasicActionLink
 0001:00068A1C       Classes..TBits
 0001:0006962C       Classes..TClassFinder
 0001:00068CF8       Classes..TCollection
 0001:00068C34       Classes..TCollectionItem
 0001:000699DC       Classes..TComponent
 0001:000692F4       Classes..TCustomMemoryStream
 0001:00069694       Classes..TFiler
 0001:00069260       Classes..TFileStream
 0001:000691DC       Classes..THandleStream
 0001:0006AB20       Classes..TIntConst
 0001:00068B74       Classes..TInterfacedPersistent
 0001:00068948       Classes..TList
 0001:0006937C       Classes..TMemoryStream
 0001:00068DD8       Classes..TOwnedCollection
 0001:00068A7C       Classes..TPersistent
 0001:0006E818       Classes..TPropFixup
 0001:0006E89C       Classes..TPropIntfFixup
 0001:00069704       Classes..TReader
 0001:00069D54       Classes..TRegGroup
 0001:00069DB8       Classes..TRegGroups
 0001:00069404       Classes..TResourceStream
 0001:00069160       Classes..TStream
 0001:00069598       Classes..TStreamAdapter
 0001:0006902C       Classes..TStringList
 0001:00068ED8       Classes..TStrings
 0001:0006986C       Classes..TThread
 0001:000689B8       Classes..TThreadList
 0001:0006AAC4       Classes.ActivateClassGroup
 0003:00004178       Classes.AddDataModule
 0001:0006EB54       Classes.AddFinished
 0001:0006EB8C       Classes.AddNotFinished
 0001:0006F70C       Classes.AddSubComponentsToLoaded
 0001:00071FF0       Classes.AddThread
 0001:00073A6C       Classes.AllocateHWnd
 0003:00004188       Classes.ApplicationHandleException
 0003:00004190       Classes.ApplicationShowException
 0001:0006AE28       Classes.BeginGlobalLoading
 0003:000041B0       Classes.BlockCode
 0001:00069D18       Classes.Bounds
 0001:0007399C       Classes.CalcJmpOffset
 0001:0006F748       Classes.CheckSubComponents
 0001:00072008       Classes.CheckSynchronize
 0002:0000042C       Classes.Classes
 0001:0006A888       Classes.ClassNotFound
 0001:0006F828       Classes.ComponentCreated
 0001:0006F8A8       Classes.CreateComponent
 0001:00073B20       Classes.DeallocateHWnd
 0001:00071F24       Classes.DoneThreadSynchronization
 0001:0006C548       Classes.DoWrite
 0001:0006AEB0       Classes.EndGlobalLoading
 0001:0006A42C       Classes.Error
 0001:0006E650       Classes.Error
 0004:0000606C       Classes.ExternalThreads
 0003:000041A0       Classes.FilerSignature
 0001:00073B48       Classes.Finalization
 0001:0006A948       Classes.FindClass
 0001:0006FA58       Classes.FindExistingComponent
 0001:0006AD40       Classes.FindGlobalComponent
 0004:00006048       Classes.FindGlobalComponentProcs
 0001:0006ABE8       Classes.FindIdentToInt
 0001:0006EA5C       Classes.FindNestedComponent
 0001:00070AD4       Classes.FindUniqueName
 0001:00071F3C       Classes.FreeExternalThreads
 0001:00073908       Classes.FreeIntConstList
 0001:00073A3C       Classes.FreeObjectInstance
 0001:0006A8F4       Classes.GetClass
 0001:0006BAF4       Classes.GetDesigner
 0001:0006A87C       Classes.GetFieldClassTable
 0004:0000604C       Classes.GlobalFixupList
 0001:0006EBD4       Classes.GlobalFixupReferences
 0005:000000E8       Classes.GlobalLists
 0005:000000E4       Classes.GlobalLoaded
 0004:00006030       Classes.GlobalNameSpace
 0001:0006AA70       Classes.GroupDescendentsWith
 0001:00070268       Classes.HandleException
 0001:0006AC64       Classes.IdentToInt
 0001:0006AF0C       Classes.InitComponent
 0001:0006AF98       Classes.InitInheritedComponent
 0001:00071EF0       Classes.InitThreadSynchronization
 0004:00006070       Classes.InstBlockList
 0004:00006074       Classes.InstFreeList
 0004:00006040       Classes.IntConstList
 0005:000000EC       Classes.InternalCurrentThread
 0001:0006ADA4       Classes.InternalReadComponentRes
 0001:0006ACA4       Classes.IntToIdent
 0001:00069D40       Classes.InvalidPoint
 0001:0006AD80       Classes.IsUniqueGlobalComponentName
 0004:00006034       Classes.IsUniqueGlobalComponentNameProc
 0001:000739A4       Classes.MakeObjectInstance
 0001:0006B72C       Classes.Min
 0001:00073974       Classes.ModuleUnload
 0003:000041A4       Classes.NilMethod
 0001:0006BB94       Classes.NotifyDesigner
 0001:0006AE80       Classes.NotifyGlobalLoading
 0001:00069CD8       Classes.Point
 0001:0006EEF4       Classes.PropertyNotFound
 0001:00070338       Classes.PropPathError
 0001:0006EEE8       Classes.PropValueError
 0001:0006DE18       Classes.RaiseException
 0001:0007176C       Classes.ReadCustomVariant
 0001:0006EED0       Classes.ReadError
 0001:0006F848       Classes.Recover
 0001:00069CF0       Classes.Rect
 0004:00006044       Classes.RegGroups
 0001:0006A968       Classes.RegisterClass
 0001:0006ACE8       Classes.RegisterFindGlobalComponentProc
 0001:0006ABBC       Classes.RegisterIntegerConsts
 0003:00004180       Classes.RemoveDataModule
 0001:0006EDA0       Classes.RemoveFixupReferences
 0001:0006EE4C       Classes.RemoveFixups
 0001:0006F1B4       Classes.RemoveGlobalFixup
 0001:00071FFC       Classes.RemoveThread
 0001:00071FBC       Classes.ResetSyncEvent
 0001:0006C6B4       Classes.ReturnAddr
 0001:0006B124       Classes.ReturnAddr
 0001:0006F9B8       Classes.SetCompName
 0001:0006EF20       Classes.SetElementValue
 0001:000706B0       Classes.SetInterfaceReference
 0001:000705CC       Classes.SetIntIdent
 0001:00070614       Classes.SetObjectIdent
 0001:0006F7C0       Classes.SetSubComponentState
 0001:00070654       Classes.SetVariantReference
 0001:00071FE4       Classes.SignalSyncEvent
 0001:0007128C       Classes.SkipBinary
 0001:000712BC       Classes.SkipCollection
 0001:00071264       Classes.SkipList
 0001:0006AA24       Classes.StartClassGroup
 0001:0007397C       Classes.StdWndProc
 0001:0006DB20       Classes.StringListCompareStrings
 0004:00006038       Classes.SyncEvent
 0003:000041AC       Classes.SyncList
 0001:00073374       Classes.TBasicAction.Change
 0001:00073200       Classes.TBasicAction.Create
 0001:00073244       Classes.TBasicAction.Destroy
 0001:000732E0       Classes.TBasicAction.Execute
 0001:000732B0       Classes.TBasicAction.ExecuteTarget
 0001:000732AC       Classes.TBasicAction.HandlesTarget
 0001:000732B4       Classes.TBasicAction.Notification
 0001:00073388       Classes.TBasicAction.RegisterChanges
 0001:000733D4       Classes.TBasicAction.SetActionComponent
 0001:00073318       Classes.TBasicAction.SetOnExecute
 0001:00073394       Classes.TBasicAction.UnRegisterChanges
 0001:000732FC       Classes.TBasicAction.Update
 0001:000732DC       Classes.TBasicAction.UpdateTarget
 0001:00073150       Classes.TBasicActionLink.AssignClient
 0001:00073188       Classes.TBasicActionLink.Change
 0001:0007310C       Classes.TBasicActionLink.Create
 0001:00073154       Classes.TBasicActionLink.Destroy
 0001:000731A0       Classes.TBasicActionLink.Execute
 0001:000731E8       Classes.TBasicActionLink.IsOnExecuteLinked
 0001:000731BC       Classes.TBasicActionLink.SetAction
 0001:000731EC       Classes.TBasicActionLink.SetOnExecute
 0001:000731F4       Classes.TBasicActionLink.Update
 0001:0006B6E4       Classes.TBits.Destroy
 0001:0006B714       Classes.TBits.Error
 0001:0006B808       Classes.TBits.GetBit
 0001:0006B820       Classes.TBits.OpenBit
 0001:0006B7DC       Classes.TBits.SetBit
 0001:0006B738       Classes.TBits.SetSize
 0001:0006A698       Classes.TClassFinder.Create
 0001:0006A7C4       Classes.TClassFinder.Destroy
 0001:0006A7F4       Classes.TClassFinder.GetClass
 0001:0006BE58       Classes.TCollection.Add
 0001:0006C2D0       Classes.TCollection.Added
 0001:0006BE78       Classes.TCollection.Assign
 0001:0006BF20       Classes.TCollection.BeginUpdate
 0001:0006BF24       Classes.TCollection.Changed
 0001:0006BF34       Classes.TCollection.Clear
 0001:0006BDC0       Classes.TCollection.Create
 0001:0006C2D4       Classes.TCollection.Deleting
 0001:0006BE0C       Classes.TCollection.Destroy
 0001:0006BF9C       Classes.TCollection.EndUpdate
 0001:0006BFAC       Classes.TCollection.GetAttr
 0001:0006BFA8       Classes.TCollection.GetAttrCount
 0001:0006BFDC       Classes.TCollection.GetCount
 0001:0006BFE4       Classes.TCollection.GetItem
 0001:0006BFBC       Classes.TCollection.GetItemAttr
 0001:0006BFF8       Classes.TCollection.GetNamePath
 0001:0006C0AC       Classes.TCollection.GetPropName
 0001:0006C200       Classes.TCollection.InsertItem
 0001:0006C2D8       Classes.TCollection.Notify
 0001:0006C2C4       Classes.TCollection.Owner
 0001:0006C268       Classes.TCollection.RemoveItem
 0001:0006C2BC       Classes.TCollection.SetItemName
 0001:0006C2C0       Classes.TCollection.Update
 0001:0006BC60       Classes.TCollectionItem.Changed
 0001:0006BBF8       Classes.TCollectionItem.Create
 0001:0006BC30       Classes.TCollectionItem.Destroy
 0001:0006BC9C       Classes.TCollectionItem.GetDisplayName
 0001:0006BC84       Classes.TCollectionItem.GetIndex
 0001:0006BCB0       Classes.TCollectionItem.GetNamePath
 0001:0006BD5C       Classes.TCollectionItem.GetOwner
 0001:0006BD60       Classes.TCollectionItem.SetCollection
 0001:0006BD88       Classes.TCollectionItem.SetDisplayName
 0001:0006BD90       Classes.TCollectionItem.SetIndex
 0001:000729A0       Classes.TComponent.BeforeDestruction
 0001:00072EE8       Classes.TComponent.ChangeName
 0001:000728D0       Classes.TComponent.Create
 0001:00072C68       Classes.TComponent.DefineProperties
 0001:0007291C       Classes.TComponent.Destroy
 0001:00072B30       Classes.TComponent.DestroyComponents
 0001:00072B8C       Classes.TComponent.Destroying
 0001:00073004       Classes.TComponent.ExecuteAction
 0001:00072E08       Classes.TComponent.FindComponent
 0001:000729AC       Classes.TComponent.FreeNotification
 0001:00072D0C       Classes.TComponent.GetChildOwner
 0001:00072D10       Classes.TComponent.GetChildParent
 0001:00072D04       Classes.TComponent.GetChildren
 0001:00072EFC       Classes.TComponent.GetComponent
 0001:00072F28       Classes.TComponent.GetComponentCount
 0001:00072D14       Classes.TComponent.GetNamePath
 0001:00072D28       Classes.TComponent.GetOwner
 0001:00072D30       Classes.TComponent.GetParentComponent
 0001:00072D00       Classes.TComponent.HasParent
 0001:00072A40       Classes.TComponent.Insert
 0001:00072A94       Classes.TComponent.InsertComponent
 0001:00073108       Classes.TComponent.IntfGetComponent
 0001:00072D50       Classes.TComponent.Loaded
 0001:00072C08       Classes.TComponent.Notification
 0001:00072D5C       Classes.TComponent.PaletteCreated
 0001:00073088       Classes.TComponent.QueryInterface
 0001:00072A00       Classes.TComponent.ReadLeft
 0001:00072D60       Classes.TComponent.ReadState
 0001:00072A14       Classes.TComponent.ReadTop
 0001:00072A6C       Classes.TComponent.Remove
 0001:00072AF8       Classes.TComponent.RemoveComponent
 0001:00072BEC       Classes.TComponent.RemoveFreeNotification
 0001:00072BC8       Classes.TComponent.RemoveNotification
 0001:00073068       Classes.TComponent.SafeCallException
 0001:00072D2C       Classes.TComponent.SetChildOrder
 0001:00072F38       Classes.TComponent.SetComponentIndex
 0001:00072F8C       Classes.TComponent.SetDesigning
 0001:00072E58       Classes.TComponent.SetName
 0001:00072D34       Classes.TComponent.SetParentComponent
 0001:00072FDC       Classes.TComponent.SetReference
 0001:00073054       Classes.TComponent.SetSubComponent
 0001:0007302C       Classes.TComponent.UpdateAction
 0001:00072D44       Classes.TComponent.Updated
 0001:00073080       Classes.TComponent.UpdateRegistry
 0001:00072D38       Classes.TComponent.Updating
 0001:00072DF0       Classes.TComponent.ValidateContainer
 0001:00072E04       Classes.TComponent.ValidateInsert
 0001:00072D70       Classes.TComponent.ValidateRename
 0001:00072A28       Classes.TComponent.WriteLeft
 0001:00072D68       Classes.TComponent.WriteState
 0001:00072A34       Classes.TComponent.WriteTop
 0001:000730C8       Classes.TComponent._AddRef
 0001:000730E8       Classes.TComponent._Release
 0001:0006E3FC       Classes.TCustomMemoryStream.Read
 0001:0006E434       Classes.TCustomMemoryStream.Seek
 0001:0006E3F4       Classes.TCustomMemoryStream.SetPointer
 0001:0006E7A4       Classes.TFiler.Create
 0001:0006E7EC       Classes.TFiler.Destroy
 0001:0006E814       Classes.TFiler.SetRoot
 0001:0006E208       Classes.TFileStream.Create
 0001:0006E24C       Classes.TFileStream.Create
 0001:0006E3C0       Classes.TFileStream.Destroy
 0001:0006E144       Classes.THandleStream.Create
 0001:0006E180       Classes.THandleStream.Read
 0001:0006E1A0       Classes.THandleStream.Seek
 0001:0006E1CC       Classes.THandleStream.SetSize
 0001:0006E1E0       Classes.THandleStream.SetSize
 0001:0006E190       Classes.THandleStream.Write
 0004:00006068       Classes.ThreadCount
 0004:00006050       Classes.ThreadLock
 0001:000721FC       Classes.ThreadProc
 0001:0006AB84       Classes.TIntConst.Create
 0001:0006BA3C       Classes.TInterfacedPersistent.AfterConstruction
 0001:0006BACC       Classes.TInterfacedPersistent.QueryInterface
 0001:0006BA8C       Classes.TInterfacedPersistent._AddRef
 0001:0006BAAC       Classes.TInterfacedPersistent._Release
 0001:0006B07C       Classes.TList.Add
 0001:0006B0B0       Classes.TList.Clear
 0001:0006B0C8       Classes.TList.Delete
 0001:0006B05C       Classes.TList.Destroy
 0001:0006B160       Classes.TList.Error
 0001:0006B128       Classes.TList.Error
 0001:0006B1B4       Classes.TList.Expand
 0001:0006B1CC       Classes.TList.First
 0001:0006B1D4       Classes.TList.Get
 0001:0006B1FC       Classes.TList.Grow
 0001:0006B230       Classes.TList.IndexOf
 0001:0006B254       Classes.TList.Insert
 0001:0006B2C0       Classes.TList.Last
 0001:0006B2E4       Classes.TList.Move
 0001:0006B4D0       Classes.TList.Notify
 0001:0006B3AC       Classes.TList.Pack
 0001:0006B33C       Classes.TList.Put
 0001:0006B38C       Classes.TList.Remove
 0001:0006B420       Classes.TList.SetCapacity
 0001:0006B45C       Classes.TList.SetCount
 0001:0006E484       Classes.TMemoryStream.Clear
 0001:0006E458       Classes.TMemoryStream.Destroy
 0001:0006E49C       Classes.TMemoryStream.LoadFromStream
 0001:0006E528       Classes.TMemoryStream.Realloc
 0001:0006E4D4       Classes.TMemoryStream.SetCapacity
 0001:0006E4FC       Classes.TMemoryStream.SetSize
 0001:0006E5A8       Classes.TMemoryStream.Write
 0001:0006C2FC       Classes.TOwnedCollection.Create
 0001:0006C340       Classes.TOwnedCollection.GetOwner
 0001:0006B8C4       Classes.TPersistent.Assign
 0001:0006B8D8       Classes.TPersistent.AssignError
 0001:0006B994       Classes.TPersistent.AssignTo
 0001:0006B99C       Classes.TPersistent.DefineProperties
 0001:0006B898       Classes.TPersistent.Destroy
 0001:0006B9A0       Classes.TPersistent.GetNamePath
 0001:0006BA38       Classes.TPersistent.GetOwner
 0001:0006E908       Classes.TPropFixup.Create
 0001:0006E960       Classes.TPropFixup.MakeGlobalReference
 0001:0006E9C8       Classes.TPropFixup.ResolveReference
 0001:0006E9D8       Classes.TPropIntfFixup.ResolveReference
 0001:0006EF74       Classes.TReader.CheckValue
 0001:0006EFD4       Classes.TReader.DefineBinaryProperty
 0001:0006EF98       Classes.TReader.DefineProperty
 0001:0006EF38       Classes.TReader.Destroy
 0001:0006F230       Classes.TReader.DoFixupReferences
 0001:0006F0BC       Classes.TReader.EndOfList
 0001:0006F0D0       Classes.TReader.Error
 0001:000715B8       Classes.TReader.FindAncestorComponent
 0001:000716B0       Classes.TReader.FindComponentClass
 0001:0006F164       Classes.TReader.FindMethod
 0001:0006F0F4       Classes.TReader.FindMethodInstance
 0001:0006F374       Classes.TReader.FlushBuffer
 0001:0006F398       Classes.TReader.FreeFixups
 0001:0006F3D4       Classes.TReader.GetFieldClass
 0001:0006F468       Classes.TReader.GetPosition
 0001:0006F480       Classes.TReader.NextValue
 0001:0006F490       Classes.TReader.PropertyError
 0001:0006F4A4       Classes.TReader.Read
 0001:0006F52C       Classes.TReader.ReadBoolean
 0001:0006F4F0       Classes.TReader.ReadBuffer
 0001:0006F540       Classes.TReader.ReadChar
 0001:0006F634       Classes.TReader.ReadCollection
 0001:0006FAFC       Classes.TReader.ReadComponent
 0001:0006FF3C       Classes.TReader.ReadCurrency
 0001:0006FD3C       Classes.TReader.ReadData
 0001:0006FDAC       Classes.TReader.ReadDataInner
 0001:0006FF8C       Classes.TReader.ReadDate
 0001:0006FEB4       Classes.TReader.ReadDouble
 0001:0006FE7C       Classes.TReader.ReadFloat
 0001:0006FFD0       Classes.TReader.ReadIdent
 0001:000701D4       Classes.TReader.ReadInt64
 0001:00070168       Classes.TReader.ReadInteger
 0001:00070218       Classes.TReader.ReadListBegin
 0001:00070220       Classes.TReader.ReadListEnd
 0001:00070228       Classes.TReader.ReadPrefix
 0001:00070354       Classes.TReader.ReadProperty
 0001:00070770       Classes.TReader.ReadPropValue
 0001:00070B3C       Classes.TReader.ReadRootComponent
 0001:00070E70       Classes.TReader.ReadSet
 0001:00070F2C       Classes.TReader.ReadSignature
 0001:0006FEF8       Classes.TReader.ReadSingle
 0001:00070F50       Classes.TReader.ReadStr
 0001:00070FE0       Classes.TReader.ReadString
 0001:00071208       Classes.TReader.ReadValue
 0001:00071934       Classes.TReader.ReadVariant
 0001:0006F5D4       Classes.TReader.ReadWideChar
 0001:000710C8       Classes.TReader.ReadWideString
 0001:00071670       Classes.TReader.ReferenceName
 0001:00071688       Classes.TReader.SetName
 0001:00071724       Classes.TReader.SkipBytes
 0001:00071510       Classes.TReader.SkipComponent
 0001:000714C8       Classes.TReader.SkipProperty
 0001:0007121C       Classes.TReader.SkipSetBody
 0001:00071318       Classes.TReader.SkipValue
 0001:00069E1C       Classes.TRegGroup.AddClass
 0001:00069E28       Classes.TRegGroup.BestClass
 0001:00069E88       Classes.TRegGroup.BestGroup
 0001:00069EF8       Classes.TRegGroup.Create
 0001:00069F54       Classes.TRegGroup.Destroy
 0001:00069F94       Classes.TRegGroup.GetClass
 0001:00069FE4       Classes.TRegGroup.InGroup
 0001:0006A028       Classes.TRegGroup.RegisterClass
 0001:0006A0DC       Classes.TRegGroup.Registered
 0001:0006A144       Classes.TRegGroup.UnregisterModuleClasses
 0001:0006A284       Classes.TRegGroups.Activate
 0001:0006A2D0       Classes.TRegGroups.Create
 0001:0006A344       Classes.TRegGroups.Destroy
 0001:0006A3A4       Classes.TRegGroups.FindGroup
 0001:0006A3E8       Classes.TRegGroups.GetClass
 0001:0006A4B0       Classes.TRegGroups.GroupWith
 0001:0006A584       Classes.TRegGroups.Lock
 0001:0006A590       Classes.TRegGroups.RegisterClass
 0001:0006A5A8       Classes.TRegGroups.Registered
 0001:0006A5EC       Classes.TRegGroups.StartGroup
 0001:0006A63C       Classes.TRegGroups.Unlock
 0001:0006A648       Classes.TRegGroups.UnregisterModuleClasses
 0001:0006E5F8       Classes.TResourceStream.Create
 0001:0006E75C       Classes.TResourceStream.Destroy
 0001:0006E6F0       Classes.TResourceStream.Initialize
 0001:0006E78C       Classes.TResourceStream.Write
 0001:0006DFF0       Classes.TStream.CopyFrom
 0001:0006DD2C       Classes.TStream.GetPosition
 0001:0006DD60       Classes.TStream.GetSize
 0001:0006DF80       Classes.TStream.ReadBuffer
 0001:0006E0E4       Classes.TStream.ReadComponent
 0001:0006DF10       Classes.TStream.Seek
 0001:0006DE8C       Classes.TStream.Seek
 0001:0006DD4C       Classes.TStream.SetPosition
 0001:0006DDAC       Classes.TStream.SetSize
 0001:0006DDC4       Classes.TStream.SetSize
 0001:0006DDB0       Classes.TStream.SetSize64
 0001:0006DFB8       Classes.TStream.WriteBuffer
 0001:000738F0       Classes.TStreamAdapter.Clone
 0001:00073844       Classes.TStreamAdapter.Commit
 0001:0007363C       Classes.TStreamAdapter.CopyTo
 0001:00073400       Classes.TStreamAdapter.Create
 0001:0007344C       Classes.TStreamAdapter.Destroy
 0001:0007385C       Classes.TStreamAdapter.LockRegion
 0001:00073484       Classes.TStreamAdapter.Read
 0001:00073850       Classes.TStreamAdapter.Revert
 0001:00073554       Classes.TStreamAdapter.Seek
 0001:000735D8       Classes.TStreamAdapter.SetSize
 0001:00073874       Classes.TStreamAdapter.Stat
 0001:00073868       Classes.TStreamAdapter.UnlockRegion
 0001:000734EC       Classes.TStreamAdapter.Write
 0001:0006D520       Classes.TStringList.Add
 0001:0006D530       Classes.TStringList.AddObject
 0001:0006D594       Classes.TStringList.Changed
 0001:0006D5B0       Classes.TStringList.Changing
 0001:0006D5CC       Classes.TStringList.Clear
 0001:0006DB88       Classes.TStringList.CompareStrings
 0001:0006DCF4       Classes.TStringList.Create
 0001:0006DB50       Classes.TStringList.CustomSort
 0001:0006D634       Classes.TStringList.Delete
 0001:0006D49C       Classes.TStringList.Destroy
 0001:0006D6B4       Classes.TStringList.Exchange
 0001:0006D710       Classes.TStringList.ExchangeItems
 0001:0006D734       Classes.TStringList.Find
 0001:0006D7B8       Classes.TStringList.Get
 0001:0006D7EC       Classes.TStringList.GetCapacity
 0001:0006D7F0       Classes.TStringList.GetCount
 0001:0006D7F4       Classes.TStringList.GetObject
 0001:0006D81C       Classes.TStringList.Grow
 0001:0006D850       Classes.TStringList.IndexOf
 0001:0006D88C       Classes.TStringList.Insert
 0001:0006D8F0       Classes.TStringList.InsertItem
 0001:0006D89C       Classes.TStringList.InsertObject
 0001:0006D96C       Classes.TStringList.Put
 0001:0006D9C8       Classes.TStringList.PutObject
 0001:0006DA08       Classes.TStringList.QuickSort
 0001:0006DAA0       Classes.TStringList.SetCapacity
 0001:0006DAE0       Classes.TStringList.SetSorted
 0001:0006DB00       Classes.TStringList.SetUpdateState
 0001:0006DB40       Classes.TStringList.Sort
 0001:0006C374       Classes.TStrings.Add
 0001:0006C398       Classes.TStrings.AddObject
 0001:0006C3BC       Classes.TStrings.AddStrings
 0001:0006C474       Classes.TStrings.Assign
 0001:0006C530       Classes.TStrings.BeginUpdate
 0001:0006D390       Classes.TStrings.CompareStrings
 0001:0006C5A0       Classes.TStrings.DefineProperties
 0001:0006C344       Classes.TStrings.Destroy
 0001:0006C5F8       Classes.TStrings.EndUpdate
 0001:0006C60C       Classes.TStrings.Equals
 0001:0006C6F0       Classes.TStrings.Error
 0001:0006C6B8       Classes.TStrings.Error
 0001:0006C748       Classes.TStrings.Exchange
 0001:0006C834       Classes.TStrings.GetCapacity
 0001:0006D328       Classes.TStrings.GetLineBreak
 0001:0006D460       Classes.TStrings.GetNameValueSeparator
 0001:0006C83C       Classes.TStrings.GetObject
 0001:0006C840       Classes.TStrings.GetText
 0001:0006C894       Classes.TStrings.GetTextStr
 0001:0006CA2C       Classes.TStrings.IndexOf
 0001:0006CAB8       Classes.TStrings.IndexOfName
 0001:0006CB8C       Classes.TStrings.IndexOfObject
 0001:0006CBC0       Classes.TStrings.InsertObject
 0001:0006CBF0       Classes.TStrings.LoadFromFile
 0001:0006CC44       Classes.TStrings.LoadFromFile
 0001:0006CCA0       Classes.TStrings.LoadFromStream
 0001:0006CCAC       Classes.TStrings.LoadFromStream
 0001:0006CDA0       Classes.TStrings.Move
 0001:0006CE50       Classes.TStrings.Put
 0001:0006CE80       Classes.TStrings.PutObject
 0001:0006CE84       Classes.TStrings.ReadData
 0001:0006CF34       Classes.TStrings.SaveToFile
 0001:0006CF44       Classes.TStrings.SaveToFile
 0001:0006CFB4       Classes.TStrings.SaveToStream
 0001:0006CFA4       Classes.TStrings.SaveToStream
 0001:0006D06C       Classes.TStrings.SetCapacity
 0001:0006D364       Classes.TStrings.SetLineBreak
 0001:0006D47C       Classes.TStrings.SetNameValueSeparator
 0001:0006D070       Classes.TStrings.SetStringsAdapter
 0001:0006D0A4       Classes.TStrings.SetText
 0001:0006D0F4       Classes.TStrings.SetTextStr
 0001:0006D2A0       Classes.TStrings.SetUpdateState
 0001:0006D2A4       Classes.TStrings.WriteData
 0001:00072438       Classes.TThread.AfterConstruction
 0001:000724E0       Classes.TThread.CallOnTerminate
 0001:0007244C       Classes.TThread.CheckThreadError
 0001:000724C8       Classes.TThread.CheckThreadError
 0001:000722B0       Classes.TThread.Create
 0001:000723B8       Classes.TThread.Destroy
 0001:000724F4       Classes.TThread.DoTerminate
 0001:00072508       Classes.TThread.RemoveQueuedEvents
 0001:000727C4       Classes.TThread.Resume
 0001:000725CC       Classes.TThread.Synchronize
 0001:00072790       Classes.TThread.Synchronize
 0001:000727EC       Classes.TThread.Terminate
 0001:00072810       Classes.TThread.WaitFor
 0001:0006B5A4       Classes.TThreadList.Add
 0001:0006B62C       Classes.TThreadList.Clear
 0001:0006B4D4       Classes.TThreadList.Create
 0001:0006B528       Classes.TThreadList.Destroy
 0001:0006B674       Classes.TThreadList.LockList
 0001:0006B688       Classes.TThreadList.Remove
 0001:0006B6D8       Classes.TThreadList.UnlockList
 0001:00071B54       Classes.TWriter.Write
 0001:00071BB8       Classes.TWriter.WriteBoolean
 0001:00071BA0       Classes.TWriter.WriteBuffer
 0001:00071BCC       Classes.TWriter.WriteInteger
 0001:00071C40       Classes.TWriter.WriteListBegin
 0001:00071C48       Classes.TWriter.WriteListEnd
 0001:00071C50       Classes.TWriter.WriteMinStr
 0001:00071DA4       Classes.TWriter.WriteString
 0001:00071EDC       Classes.TWriter.WriteValue
 0001:0006AD28       Classes.UnregisterFindGlobalComponentProc
 0001:0006A9D8       Classes.UnRegisterModuleClasses
 0003:000041B4       Classes.UtilWindowClass
 0001:00071FC8       Classes.WaitForSyncEvent
 0003:00004198       Classes.WakeMainThread
 0004:00006238       Clipbrd..3
 0004:00006236       Clipbrd.CF_COMPONENT
 0004:00006234       Clipbrd.CF_PICTURE
 0002:000006A8       Clipbrd.Clipbrd
 0004:0000623C       Clipbrd.FClipboard
 0001:0008AD80       Clipbrd.Finalization
 0004:00006248       ComCtrls..96
 0001:0008EE88       ComCtrls..TConversion
 0001:0008EF20       ComCtrls..TCustomRichEdit
 0001:0008ECB0       ComCtrls..TParaAttributes
 0001:0008F104       ComCtrls..TRichEdit
 0001:00090798       ComCtrls..TRichEditStrings
 0001:0008EC10       ComCtrls..TTextAttributes
 0001:00090E6C       ComCtrls.AdjustLineBreaks
 0002:00000774       ComCtrls.ComCtrls
 0001:000912E4       ComCtrls.ContainsPreamble
 0004:0000624C       ComCtrls.ConversionFormatList
 0001:00090AA8       ComCtrls.CountLineBreaks
 0001:000928C8       ComCtrls.Finalization
 0001:0009286C       ComCtrls.FreeConversionFormatList
 0004:00006254       ComCtrls.FRichEditModule
 0003:00004B10       ComCtrls.HideScrollBars
 0003:00004B18       ComCtrls.HideSelections
 0003:00004B20       ComCtrls.Painting
 0003:00004B00       ComCtrls.RTFConversionFormat
 0004:00006250       ComCtrls.ShellModule
 0001:000910CC       ComCtrls.StreamLoad
 0001:00090F4C       ComCtrls.StreamSave
 0001:000906E0       ComCtrls.TConversion.ConvertReadStream
 0001:0009073C       ComCtrls.TConversion.ConvertWriteStream
 0001:000906A8       ComCtrls.TConversion.Create
 0001:00091C78       ComCtrls.TCustomRichEdit.Clear
 0001:0009227C       ComCtrls.TCustomRichEdit.CMBiDiModeChanged
 0001:00092384       ComCtrls.TCustomRichEdit.CMColorChanged
 0001:00092034       ComCtrls.TCustomRichEdit.CMFontChanged
 0001:00092750       ComCtrls.TCustomRichEdit.CNNotify
 0001:00091AE0       ComCtrls.TCustomRichEdit.Create
 0001:00091C90       ComCtrls.TCustomRichEdit.CreateParams
 0001:00091D34       ComCtrls.TCustomRichEdit.CreateWnd
 0001:00091C1C       ComCtrls.TCustomRichEdit.Destroy
 0001:00091E94       ComCtrls.TCustomRichEdit.DestroyWnd
 0001:00092044       ComCtrls.TCustomRichEdit.DoSetMaxLength
 0001:00092064       ComCtrls.TCustomRichEdit.GetCaretPos
 0001:0009236C       ComCtrls.TCustomRichEdit.GetPlainText
 0001:00092108       ComCtrls.TCustomRichEdit.GetSelLength
 0001:00092130       ComCtrls.TCustomRichEdit.GetSelStart
 0001:0009220C       ComCtrls.TCustomRichEdit.GetSelText
 0001:00092154       ComCtrls.TCustomRichEdit.GetSelTextBuf
 0001:000923E8       ComCtrls.TCustomRichEdit.Print
 0001:000927FC       ComCtrls.TCustomRichEdit.ProtectChange
 0001:0009284C       ComCtrls.TCustomRichEdit.RequestSize
 0001:000927CC       ComCtrls.TCustomRichEdit.SaveClipboard
 0001:0009282C       ComCtrls.TCustomRichEdit.SelectionChange
 0001:000920C0       ComCtrls.TCustomRichEdit.SetCaretPos
 0001:000922D0       ComCtrls.TCustomRichEdit.SetHideScrollBars
 0001:000922E4       ComCtrls.TCustomRichEdit.SetHideSelection
 0001:00092378       ComCtrls.TCustomRichEdit.SetPlainText
 0001:000923B0       ComCtrls.TCustomRichEdit.SetRichEditStrings
 0001:00092314       ComCtrls.TCustomRichEdit.SetSelLength
 0001:000923C0       ComCtrls.TCustomRichEdit.SetSelStart
 0001:00091FA8       ComCtrls.TCustomRichEdit.WMNCDestroy
 0001:000925E0       ComCtrls.TCustomRichEdit.WMPaint
 0001:00091FC0       ComCtrls.TCustomRichEdit.WMRButtonUp
 0001:000926A4       ComCtrls.TCustomRichEdit.WMSetCursor
 0001:00091FB0       ComCtrls.TCustomRichEdit.WMSetFont
 0003:00004B08       ComCtrls.TextConversionFormat
 0001:0009060C       ComCtrls.TParaAttributes.Assign
 0001:000902B4       ComCtrls.TParaAttributes.Create
 0001:000903A8       ComCtrls.TParaAttributes.GetAlignment
 0001:0009030C       ComCtrls.TParaAttributes.GetAttributes
 0001:0009047C       ComCtrls.TParaAttributes.GetFirstIndent
 0001:000904D8       ComCtrls.TParaAttributes.GetLeftIndent
 0001:000903FC       ComCtrls.TParaAttributes.GetNumbering
 0001:00090534       ComCtrls.TParaAttributes.GetRightIndent
 0001:00090590       ComCtrls.TParaAttributes.GetTab
 0001:000902F0       ComCtrls.TParaAttributes.InitPara
 0001:000903C4       ComCtrls.TParaAttributes.SetAlignment
 0001:00090344       ComCtrls.TParaAttributes.SetAttributes
 0001:0009049C       ComCtrls.TParaAttributes.SetFirstIndent
 0001:000904F8       ComCtrls.TParaAttributes.SetLeftIndent
 0001:00090418       ComCtrls.TParaAttributes.SetNumbering
 0001:00090554       ComCtrls.TParaAttributes.SetRightIndent
 0001:000905B8       ComCtrls.TParaAttributes.SetTab
 0001:000908F0       ComCtrls.TRichEditStrings.AddStrings
 0001:00090D60       ComCtrls.TRichEditStrings.Clear
 0001:00090CBC       ComCtrls.TRichEditStrings.Delete
 0001:000908C0       ComCtrls.TRichEditStrings.Destroy
 0001:00090DC0       ComCtrls.TRichEditStrings.EnableChange
 0001:000909C0       ComCtrls.TRichEditStrings.Get
 0001:00090968       ComCtrls.TRichEditStrings.GetCount
 0001:00090AF4       ComCtrls.TRichEditStrings.Insert
 0001:000917A4       ComCtrls.TRichEditStrings.LoadFromFile
 0001:000913E8       ComCtrls.TRichEditStrings.LoadFromStream
 0001:00090A24       ComCtrls.TRichEditStrings.Put
 0001:0009194C       ComCtrls.TRichEditStrings.SaveToFile
 0001:00091628       ComCtrls.TRichEditStrings.SaveToStream
 0001:00090E1C       ComCtrls.TRichEditStrings.SetTextStr
 0001:00090D70       ComCtrls.TRichEditStrings.SetUpdateState
 0001:00090044       ComCtrls.TTextAttributes.Assign
 0001:00090184       ComCtrls.TTextAttributes.AssignTo
 0001:0008FCB4       ComCtrls.TTextAttributes.Create
 0001:0008FD1C       ComCtrls.TTextAttributes.GetAttributes
 0001:0008FD98       ComCtrls.TTextAttributes.GetCharset
 0001:0008FDDC       ComCtrls.TTextAttributes.GetColor
 0001:0008FE44       ComCtrls.TTextAttributes.GetName
 0001:0008FFD4       ComCtrls.TTextAttributes.GetPitch
 0001:0008FF80       ComCtrls.TTextAttributes.GetSize
 0001:0008FED8       ComCtrls.TTextAttributes.GetStyle
 0001:0008FD00       ComCtrls.TTextAttributes.InitFormat
 0001:0008FD5C       ComCtrls.TTextAttributes.SetAttributes
 0001:0008FDAC       ComCtrls.TTextAttributes.SetCharset
 0001:0008FDFC       ComCtrls.TTextAttributes.SetColor
 0001:0008FE68       ComCtrls.TTextAttributes.SetName
 0001:00090004       ComCtrls.TTextAttributes.SetPitch
 0001:0008FF9C       ComCtrls.TTextAttributes.SetSize
 0001:0008FF28       ComCtrls.TTextAttributes.SetStyle
 0004:00003CB8       CommCtrl.ComCtl32DLL
 0001:0002E530       CommCtrl.FlatSB_GetScrollInfo
 0001:0002E538       CommCtrl.FlatSB_GetScrollPos
 0001:0002E540       CommCtrl.FlatSB_SetScrollInfo
 0001:0002E548       CommCtrl.FlatSB_SetScrollPos
 0001:0002E550       CommCtrl.FlatSB_SetScrollProp
 0001:0002E498       CommCtrl.ImageList_Add
 0001:0002E4D0       CommCtrl.ImageList_BeginDrag
 0001:0002E478       CommCtrl.ImageList_Create
 0001:0002E480       CommCtrl.ImageList_Destroy
 0001:0002E4E0       CommCtrl.ImageList_DragEnter
 0001:0002E4E8       CommCtrl.ImageList_DragLeave
 0001:0002E4F0       CommCtrl.ImageList_DragMove
 0001:0002E4F8       CommCtrl.ImageList_DragShowNolock
 0001:0002E4B0       CommCtrl.ImageList_Draw
 0001:0002E4C0       CommCtrl.ImageList_DrawEx
 0001:0002E4D8       CommCtrl.ImageList_EndDrag
 0001:0002E4A8       CommCtrl.ImageList_GetBkColor
 0001:0002E500       CommCtrl.ImageList_GetDragImage
 0001:0002E518       CommCtrl.ImageList_GetIconSize
 0001:0002E488       CommCtrl.ImageList_GetImageCount
 0001:0002E508       CommCtrl.ImageList_Read
 0001:0002E4C8       CommCtrl.ImageList_Remove
 0001:0002E4B8       CommCtrl.ImageList_Replace
 0001:0002E4A0       CommCtrl.ImageList_SetBkColor
 0001:0002E520       CommCtrl.ImageList_SetIconSize
 0001:0002E490       CommCtrl.ImageList_SetImageCount
 0001:0002E510       CommCtrl.ImageList_Write
 0001:0002E3F8       CommCtrl.InitComCtl
 0001:0002E3F0       CommCtrl.InitCommonControls
 0001:0002E558       CommCtrl.InitializeFlatSB
 0001:0002E560       CommCtrl.TaskDialogIndirect
 0004:00003CBC       CommCtrl._InitCommonControlsEx
 0004:00003CC0       CommCtrl._TaskDialogIndirect
 0001:0002E528       CommCtrl._TrackMouseEvent
 0001:0002E80C       CommDlg.GetOpenFileName
 0001:0002E814       CommDlg.GetSaveFileNameA
 0001:0002E81C       CommDlg.PrintDlg
 0001:00073C30       Contnrs..TOrderedList
 0001:00073CA4       Contnrs..TStack
 0001:00073D28       Contnrs.TOrderedList.Create
 0001:00073D6C       Contnrs.TOrderedList.Destroy
 0001:00073D9C       Contnrs.TOrderedList.PeekItem
 0001:00073D10       Contnrs.TOrderedList.Pop
 0001:00073DB0       Contnrs.TOrderedList.PopItem
 0001:00073D18       Contnrs.TOrderedList.Push
 0001:00073DD0       Contnrs.TStack.PushItem
 0004:000062E8       Controls..73
 0001:000A2E3C       Controls..TBaseDragControlObject
 0001:000A424C       Controls..TControl
 0001:000A3360       Controls..TControlActionLink
 0001:000A31C0       Controls..TControlCanvas
 0001:000A50A4       Controls..TCustomControl
 0001:000A326C       Controls..TCustomControlAction
 0001:000A5BC4       Controls..TCustomHint
 0001:000A5B48       Controls..TCustomHintShowHideThread
 0001:000A5998       Controls..TCustomHintWindow
 0001:000A5844       Controls..TDockTree
 0001:000A56EC       Controls..TDockZone
 0001:000A2F0C       Controls..TDragControlObject
 0001:000A2FA4       Controls..TDragControlObjectEx
 0001:000A3040       Controls..TDragDockObject
 0001:000A3114       Controls..TDragDockObjectEx
 0001:000A53C0       Controls..TDragImageList
 0001:000A2D8C       Controls..TDragObject
 0001:000A4F74       Controls..TGraphicControl
 0001:000A5220       Controls..THintWindow
 0001:000A5498       Controls..TImageList
 0001:000A37C8       Controls..TMargins
 0001:000A58F4       Controls..TMouse
 0001:000A38EC       Controls..TPadding
 0001:000A6414       Controls..TSiteList
 0001:000A3670       Controls..TSizeConstraints
 0001:000A4B48       Controls..TWinControl
 0001:000A4718       Controls..TWinControlActionLink
 0001:000A6A94       Controls.AbsMin
 0004:0000631C       Controls.ActiveDrag
 0001:000AD200       Controls.AlignNestedControls
 0001:000AD1AC       Controls.AlignWork
 0003:00004F18       Controls.AnchorAlign
 0003:00004F0C       Controls.AnimateWindowProc
 0003:00005014       Controls.AnimationStyle
 0001:000A9B24       Controls.BackgroundClipped
 0001:000B71F8       Controls.CalcSplitterPos
 0001:000A7B24       Controls.CancelDrag
 0004:00006330       Controls.CanvasList
 0003:00004FD0       Controls.CaptureControl
 0001:000A5D2C       Controls.ChangeBiDiModeAlignment
 0001:000A778C       Controls.CheckUndock
 0001:000B3F28       Controls.ClientToWindow
 0004:000062EE       Controls.ControlAtom
 0004:000062F4       Controls.ControlAtomString
 0002:00000888       Controls.Controls
 0003:00004F14       Controls.CreationControl
 0003:0000500C       Controls.Ctl3DStyles
 0003:00004F20       Controls.Cursors
 0001:000A61F4       Controls.CursorToIdent
 0003:00004F10       Controls.DefaultDockTreeClass
 0001:000AE56C       Controls.DestroyChildWindow
 0001:000AD478       Controls.DoAdjustSize
 0001:000AD020       Controls.DoAlign
 0001:000B26C4       Controls.DoCalcConstraints
 0004:00006324       Controls.DockSiteList
 0001:000AF440       Controls.DoControlMsg
 0001:000A7094       Controls.DoDragOver
 0001:000B4C18       Controls.DoFindControlZone
 0001:000B5340       Controls.DoFindZone
 0001:000B4C9C       Controls.DoForEach
 0001:000B69C4       Controls.DoGetNextLimit
 0001:000B7AF0       Controls.DoneControls
 0001:000ACFD8       Controls.DoPosition
 0001:000B5E60       Controls.DoPrune
 0001:000B63A8       Controls.DoSaveZone
 0001:000B66AC       Controls.DoSetNewBounds
 0001:000AE200       Controls.DoWriteDesignSize
 0001:000AAF08       Controls.DoWriteExplicit
 0001:000AAED4       Controls.DoWriteIsControl
 0004:00006308       Controls.DragCapture
 0004:000062FC       Controls.DragControl
 0001:000A7800       Controls.DragDone
 0001:000A7044       Controls.DragFindTarget
 0001:000A7018       Controls.DragFindWindow
 0004:00006320       Controls.DragImageList
 0001:000A7458       Controls.DragInit
 0001:000A75C8       Controls.DragInitControl
 0004:00006304       Controls.DragInternalObject
 0001:000A6F60       Controls.DragMessage
 0004:00006300       Controls.DragObject
 0004:0000632C       Controls.DragSave
 0004:00006314       Controls.DragSaveCursor
 0004:0000630C       Controls.DragStartPos
 0004:00006318       Controls.DragThreshold
 0001:000A7170       Controls.DragTo
 0001:000B58E4       Controls.DrawCloseButton
 0001:000B5978       Controls.DrawGrabberLine
 0001:000B5A00       Controls.DrawThemedGrabber
 0001:000AF8F0       Controls.DrawThemeEdge
 0003:00004FFC       Controls.EdgeStyles
 0001:000B90EC       Controls.Finalization
 0001:000A5E84       Controls.FindControl
 0001:000A7B70       Controls.FindDragTarget
 0001:000A7B3C       Controls.FindVCLWindow
 0004:00006334       Controls.FlagControl
 0001:000A7C34       Controls.FreeDeviceContext
 0001:000A7CF0       Controls.FreeDeviceContexts
 0001:000A63A8       Controls.GetCaptureControl
 0001:000ACE48       Controls.GetClientSize
 0001:000AEA78       Controls.GetControlAtPos
 0001:000B6AA4       Controls.GetDockAlign
 0001:000A6DB8       Controls.GetDockSiteAtPos
 0001:000A70D0       Controls.GetDropCtl
 0001:000B4944       Controls.GetLastChildZone
 0001:000A625C       Controls.GetLongHint
 0001:000A6214       Controls.GetShortHint
 0001:000A64C0       Controls.GetTopParent
 0001:000B6B20       Controls.HideZone
 0001:000A6204       Controls.IdentToCursor
 0003:0000503C       Controls.IMM32DLL
 0001:000B7ADC       Controls.Imm32IsIME
 0001:000B7B90       Controls.InitControls
 0001:000B76A8       Controls.InitIMM32
 0001:000A5D40       Controls.InitWndProc
 0003:00004FDC       Controls.InnerStyles
 0001:000ACEA8       Controls.InsertBefore
 0001:000A6B78       Controls.IsBeforeTargetWindow
 0001:000A6FB8       Controls.IsDelphiHandle
 0001:000B435C       Controls.IsOrientationSet
 0001:000A6D74       Controls.IsSiteChildOfClient
 0001:000A5EE0       Controls.IsVCLControl
 0004:000062DC       Controls.IsVCLControlHook
 0001:000B8B80       Controls.LatestHintWindow
 0001:000A7BBC       Controls.ListAdd
 0001:000A7BE4       Controls.ListRemove
 0003:00005028       Controls.MakeLast
 0001:000AC09C       Controls.MinVar
 0003:00005040       Controls.ModeMap
 0004:000062D8       Controls.Mouse
 0001:000A7C04       Controls.MoveWindowOrg
 0004:000062E4       Controls.NewStyleControls
 0001:000B4340       Controls.NextVisibleZone
 0001:000A5E50       Controls.ObjectFromHWnd
 0003:00005020       Controls.OrientArray
 0003:00004FEC       Controls.OuterStyles
 0001:000B476C       Controls.ParentNotLast
 0001:000A62F4       Controls.PerformBufferedPrintClient
 0001:000A62A4       Controls.PerformEraseBackground
 0001:000AE1EC       Controls.PointsEqual
 0004:00006328       Controls.QualifyingSites
 0001:000B54DC       Controls.ReadControlName
 0001:000A6F04       Controls.RegisterDockSite
 0004:000062F8       Controls.RM_GetObjectInstance
 0001:000A5F10       Controls.SendAppMessage
 0001:000A63D0       Controls.SetCaptureControl
 0001:000B7A04       Controls.SetImeMode
 0001:000AB9D8       Controls.SetParentColor
 0003:00004FD4       Controls.ShowFlags
 0001:000B6BA0       Controls.ShowZone
 0003:00005034       Controls.SizeCursors
 0001:000A6894       Controls.TBaseDragControlObject.Assign
 0001:000A6858       Controls.TBaseDragControlObject.Create
 0001:000A68C0       Controls.TBaseDragControlObject.EndDrag
 0001:000A68E4       Controls.TBaseDragControlObject.Finished
 0001:000ABDCC       Controls.TControl.ActionChange
 0001:000AC1BC       Controls.TControl.AdjustSize
 0001:000ABFF0       Controls.TControl.AssignTo
 0001:000A9E74       Controls.TControl.BeginAutoDrag
 0001:000A9E90       Controls.TControl.BeginDrag
 0001:000A9984       Controls.TControl.BringToFront
 0001:000AA8F0       Controls.TControl.CalcCursorPos
 0001:000AAA94       Controls.TControl.CalcDockSizes
 0001:000AA7F0       Controls.TControl.CanAutoSize
 0001:000AA7F4       Controls.TControl.CanResize
 0001:000A92FC       Controls.TControl.Changed
 0001:000A930C       Controls.TControl.ChangeScale
 0001:000AB51C       Controls.TControl.CheckNewSize
 0001:000AB308       Controls.TControl.Click
 0001:000AC3F8       Controls.TControl.ClientToParent
 0001:000A9100       Controls.TControl.ClientToScreen
 0001:000ABAE0       Controls.TControl.CMBiDiModeChanged
 0001:000AB9CC       Controls.TControl.CMColorChanged
 0001:000ABC58       Controls.TControl.CMDesignHitTest
 0001:000AB9B4       Controls.TControl.CMEnabledChanged
 0001:000ABD6C       Controls.TControl.CMFloat
 0001:000AB9C0       Controls.TControl.CMFontChanged
 0001:000AC248       Controls.TControl.CMHintShow
 0001:000ABB88       Controls.TControl.CMHitTest
 0001:000AC508       Controls.TControl.CMMouseActivate
 0001:000ABB90       Controls.TControl.CMMouseEnter
 0001:000ABBF4       Controls.TControl.CMMouseLeave
 0001:000ABA70       Controls.TControl.CMMouseWheel
 0001:000ABA4C       Controls.TControl.CMParentBiDiModeChanged
 0001:000ABA10       Controls.TControl.CMParentColorChanged
 0001:000ABB38       Controls.TControl.CMParentFontChanged
 0001:000ABAFC       Controls.TControl.CMParentShowHintChanged
 0001:000ABB68       Controls.TControl.CMSysFontChanged
 0001:000AB98C       Controls.TControl.CMVisibleChanged
 0001:000AA8C0       Controls.TControl.ConstrainedResize
 0001:000A8470       Controls.TControl.Create
 0001:000ABC60       Controls.TControl.CreateFloatingDockSite
 0001:000AB380       Controls.TControl.DblClick
 0001:000AA31C       Controls.TControl.DefaultDockImage
 0001:000AAE20       Controls.TControl.DefaultHandler
 0001:000AB128       Controls.TControl.DefineProperties
 0001:000AA91C       Controls.TControl.DesignWndProc
 0001:000A8580       Controls.TControl.Destroy
 0001:000ABECC       Controls.TControl.DoActionChange
 0001:000AA824       Controls.TControl.DoCanAutoSize
 0001:000AA890       Controls.TControl.DoCanResize
 0001:000A8DD4       Controls.TControl.Dock
 0001:000AA108       Controls.TControl.DockTrackNoTarget
 0001:000AA950       Controls.TControl.DoConstrainedResize
 0001:000AA7E4       Controls.TControl.DoConstraintsChange
 0001:000AC3B8       Controls.TControl.DoContextPopup
 0001:000A8F00       Controls.TControl.DoDock
 0001:000AA468       Controls.TControl.DoDragMsg
 0001:000AA120       Controls.TControl.DoEndDock
 0001:000AA008       Controls.TControl.DoEndDrag
 0001:000AC52C       Controls.TControl.DoMarginChange
 0001:000AA17C       Controls.TControl.DoMouseActivate
 0001:000AB3D8       Controls.TControl.DoMouseDown
 0001:000AB74C       Controls.TControl.DoMouseUp
 0001:000AA1B0       Controls.TControl.DoMouseWheel
 0001:000AA284       Controls.TControl.DoMouseWheelDown
 0001:000AA2D0       Controls.TControl.DoMouseWheelUp
 0001:000AA14C       Controls.TControl.DoStartDock
 0001:000A9FE8       Controls.TControl.DoStartDrag
 0001:000A9F70       Controls.TControl.DragCanceled
 0001:000A9FBC       Controls.TControl.DragDrop
 0001:000A9F74       Controls.TControl.Dragging
 0001:000A9F80       Controls.TControl.DragOver
 0001:000AA448       Controls.TControl.DrawDragDockImage
 0001:000AC1DC       Controls.TControl.DrawTextBiDiModeFlags
 0001:000AC21C       Controls.TControl.DrawTextBiDiModeFlagsReadingOnly
 0001:000AA458       Controls.TControl.EraseDragDockImage
 0001:000A9794       Controls.TControl.FontChanged
 0001:000A8710       Controls.TControl.GetAction
 0001:000ABEF0       Controls.TControl.GetActionLinkClass
 0001:000AC540       Controls.TControl.GetAlignWithMargins
 0001:000A8F90       Controls.TControl.GetBoundsRect
 0001:000A9030       Controls.TControl.GetClientHeight
 0001:000A9070       Controls.TControl.GetClientOrigin
 0001:000A8FD4       Controls.TControl.GetClientRect
 0001:000A8FEC       Controls.TControl.GetClientWidth
 0001:000A9E24       Controls.TControl.GetControlsAlignment
 0001:000AAA6C       Controls.TControl.GetCustomHint
 0001:000A9A7C       Controls.TControl.GetDeviceContext
 0001:000AC0D8       Controls.TControl.GetDockEdge
 0001:000A8654       Controls.TControl.GetDragImages
 0001:000A88A0       Controls.TControl.GetDragMode
 0001:000A8658       Controls.TControl.GetEnabled
 0001:000AC188       Controls.TControl.GetFloating
 0001:000AC1B4       Controls.TControl.GetFloatingDockSiteClass
 0001:000A994C       Controls.TControl.GetMouseCapture
 0001:000A8660       Controls.TControl.GetPalette
 0001:000A866C       Controls.TControl.GetParentComponent
 0001:000AB518       Controls.TControl.GetPopupMenu
 0001:000A96DC       Controls.TControl.GetText
 0001:000A9684       Controls.TControl.GetTextBuf
 0001:000A9674       Controls.TControl.GetTextLen
 0001:000A9690       Controls.TControl.GetUndockHeight
 0001:000A96A4       Controls.TControl.GetUndockWidth
 0001:000A8664       Controls.TControl.HasParent
 0001:000AC238       Controls.TControl.InitiateAction
 0001:000A9C40       Controls.TControl.Invalidate
 0001:000A9BAC       Controls.TControl.InvalidateControl
 0001:000A883C       Controls.TControl.IsAnchorsStored
 0001:000A9808       Controls.TControl.IsBiDiModeStored
 0001:000ABEF8       Controls.TControl.IsCaptionStored
 0001:000A98E0       Controls.TControl.IsColorStored
 0001:000ABF18       Controls.TControl.IsEnabledStored
 0001:000A97E8       Controls.TControl.IsFontStored
 0001:000ABF58       Controls.TControl.IsHelpContextStored
 0001:000ABF38       Controls.TControl.IsHintStored
 0001:000ABF98       Controls.TControl.IsOnClickStored
 0001:000A97FC       Controls.TControl.IsShowHintStored
 0001:000ABF78       Controls.TControl.IsVisibleStored
 0001:000ABFB8       Controls.TControl.Loaded
 0001:000AA558       Controls.TControl.ManualDock
 0001:000AA744       Controls.TControl.ManualFloat
 0001:000A9C54       Controls.TControl.MouseActivate
 0001:000AB3A0       Controls.TControl.MouseDown
 0001:000AB668       Controls.TControl.MouseMove
 0001:000AB714       Controls.TControl.MouseUp
 0001:000A9C9C       Controls.TControl.MouseWheelHandler
 0001:000A896C       Controls.TControl.Notification
 0001:000A8698       Controls.TControl.PaletteChanged
 0001:000AAA58       Controls.TControl.Perform
 0001:000AAA24       Controls.TControl.Perform
 0001:000AA034       Controls.TControl.PositionDockRect
 0001:000AC61C       Controls.TControl.ReadExplicitHeight
 0001:000AC634       Controls.TControl.ReadExplicitLeft
 0001:000AC604       Controls.TControl.ReadExplicitTop
 0001:000AC5DC       Controls.TControl.ReadExplicitWidth
 0001:000AAEB4       Controls.TControl.ReadIsControl
 0001:000A88C8       Controls.TControl.ReadState
 0001:000A9D1C       Controls.TControl.Refresh
 0001:000A9D28       Controls.TControl.Repaint
 0001:000A8890       Controls.TControl.RequestAlign
 0001:000A88A8       Controls.TControl.Resize
 0001:000A912C       Controls.TControl.ScaleConstraints
 0001:000A91B0       Controls.TControl.ScaleMargins
 0001:000A9234       Controls.TControl.ScreenToClient
 0001:000A9260       Controls.TControl.SendCancelMode
 0001:000A9290       Controls.TControl.SendDockNotification
 0001:000A87C0       Controls.TControl.SetAction
 0001:000A89D4       Controls.TControl.SetAlign
 0001:000AC548       Controls.TControl.SetAlignWithMargins
 0001:000A8720       Controls.TControl.SetAnchors
 0001:000A94D4       Controls.TControl.SetAutoSize
 0001:000A9778       Controls.TControl.SetBiDiMode
 0001:000A8ABC       Controls.TControl.SetBounds
 0001:000A8FB0       Controls.TControl.SetBoundsRect
 0001:000A9048       Controls.TControl.SetClientHeight
 0001:000A9590       Controls.TControl.SetClientSize
 0001:000A9004       Controls.TControl.SetClientWidth
 0001:000A9894       Controls.TControl.SetColor
 0001:000AC3EC       Controls.TControl.SetConstraints
 0001:000A9930       Controls.TControl.SetCursor
 0001:000A9A44       Controls.TControl.SetCustomHint
 0001:000A8854       Controls.TControl.SetDesignVisible
 0001:000A888C       Controls.TControl.SetDragMode
 0001:000A965C       Controls.TControl.SetEnabled
 0001:000A97D8       Controls.TControl.SetFont
 0001:000A8DA0       Controls.TControl.SetHeight
 0001:000A8F58       Controls.TControl.SetHelpContext
 0001:000A8F6C       Controls.TControl.SetHelpKeyword
 0001:000A8D04       Controls.TControl.SetLeft
 0001:000AC534       Controls.TControl.SetMargins
 0001:000A995C       Controls.TControl.SetMouseCapture
 0001:000A94EC       Controls.TControl.SetName
 0001:000A95D8       Controls.TControl.SetParent
 0001:000A990C       Controls.TControl.SetParentBiDiMode
 0001:000A98E8       Controls.TControl.SetParentColor
 0001:000A8670       Controls.TControl.SetParentComponent
 0001:000A9884       Controls.TControl.SetParentCustomHint
 0001:000A9810       Controls.TControl.SetParentFont
 0001:000A9858       Controls.TControl.SetParentShowHint
 0001:000A96B8       Controls.TControl.SetPopupMenu
 0001:000A9834       Controls.TControl.SetShowHint
 0001:000A9714       Controls.TControl.SetText
 0001:000A8B5C       Controls.TControl.SetTextBuf
 0001:000A8D38       Controls.TControl.SetTop
 0001:000A9624       Controls.TControl.SetVisible
 0001:000A8D6C       Controls.TControl.SetWidth
 0001:000A9A20       Controls.TControl.SetZOrder
 0001:000A9998       Controls.TControl.SetZOrderPosition
 0001:000A9D04       Controls.TControl.Update
 0001:000A8B80       Controls.TControl.UpdateAnchorRules
 0001:000AAB08       Controls.TControl.UpdateBoundsRect
 0001:000AC578       Controls.TControl.UpdateExplicitBounds
 0001:000A9E40       Controls.TControl.UseRightToLeftAlignment
 0001:000A9E28       Controls.TControl.UseRightToLeftReading
 0001:000A9E58       Controls.TControl.UseRightToLeftScrollBar
 0001:000AAB38       Controls.TControl.VisibleChanging
 0001:000AB89C       Controls.TControl.WMCancelMode
 0001:000AC278       Controls.TControl.WMContextMenu
 0001:000AB4C4       Controls.TControl.WMLButtonDblClk
 0001:000AB45C       Controls.TControl.WMLButtonDown
 0001:000AB784       Controls.TControl.WMLButtonUp
 0001:000AB63C       Controls.TControl.WMMButtonDblClk
 0001:000AB610       Controls.TControl.WMMButtonDown
 0001:000AB824       Controls.TControl.WMMButtonUp
 0001:000AB69C       Controls.TControl.WMMouseMove
 0001:000AB844       Controls.TControl.WMMouseWheel
 0001:000AB4A8       Controls.TControl.WMNCLButtonDown
 0001:000AB5E4       Controls.TControl.WMRButtonDblClk
 0001:000AB5B8       Controls.TControl.WMRButtonDown
 0001:000AB804       Controls.TControl.WMRButtonUp
 0001:000AB8DC       Controls.TControl.WMWindowPosChanged
 0001:000AAB3C       Controls.TControl.WndProc
 0001:000AC5BC       Controls.TControl.WriteExplicitHeight
 0001:000AC5CC       Controls.TControl.WriteExplicitLeft
 0001:000AC5AC       Controls.TControl.WriteExplicitTop
 0001:000AC5F4       Controls.TControl.WriteExplicitWidth
 0001:000AAEC8       Controls.TControl.WriteIsControl
 0001:000A800C       Controls.TControlActionLink.AssignClient
 0001:000A8028       Controls.TControlActionLink.DoShowHint
 0001:000A8124       Controls.TControlActionLink.IsCaptionLinked
 0001:000A8198       Controls.TControlActionLink.IsDropdownMenuLinked
 0001:000A81AC       Controls.TControlActionLink.IsEnabledLinked
 0001:000A81E0       Controls.TControlActionLink.IsEnableDropdownLinked
 0001:000A8384       Controls.TControlActionLink.IsHelpLinked
 0001:000A81F4       Controls.TControlActionLink.IsHintLinked
 0001:000A82A0       Controls.TControlActionLink.IsOnExecuteLinked
 0001:000A822C       Controls.TControlActionLink.IsPopupMenuLinked
 0001:000A826C       Controls.TControlActionLink.IsVisibleLinked
 0001:000A82C8       Controls.TControlActionLink.SetCaption
 0001:000A82E8       Controls.TControlActionLink.SetDropdownMenu
 0001:000A82EC       Controls.TControlActionLink.SetEnabled
 0001:000A8310       Controls.TControlActionLink.SetEnableDropdown
 0001:000A840C       Controls.TControlActionLink.SetHelpContext
 0001:000A83EC       Controls.TControlActionLink.SetHelpKeyword
 0001:000A842C       Controls.TControlActionLink.SetHelpType
 0001:000A8314       Controls.TControlActionLink.SetHint
 0001:000A8358       Controls.TControlActionLink.SetOnExecute
 0001:000A844C       Controls.TControlActionLink.SetPopupMenu
 0001:000A8338       Controls.TControlActionLink.SetVisible
 0001:000A7DC8       Controls.TControlCanvas.CreateHandle
 0001:000A7D9C       Controls.TControlCanvas.Destroy
 0001:000A7E70       Controls.TControlCanvas.FreeHandle
 0001:000A7EA4       Controls.TControlCanvas.SetControl
 0001:000A7EBC       Controls.TControlCanvas.UpdateTextFlags
 0001:000B41E4       Controls.TCustomControl.Create
 0001:000B4240       Controls.TCustomControl.Destroy
 0001:000B433C       Controls.TCustomControl.Paint
 0001:000B4290       Controls.TCustomControl.PaintWindow
 0001:000B4270       Controls.TCustomControl.WMPaint
 0001:000B8524       Controls.TCustomHint.Create
 0001:000B8574       Controls.TCustomHint.Destroy
 0001:000B85CC       Controls.TCustomHint.HideHint
 0001:000B85C0       Controls.TCustomHint.HideHint
 0001:000B85D4       Controls.TCustomHint.NCPaintHint
 0001:000B85D8       Controls.TCustomHint.Notification
 0001:000B8604       Controls.TCustomHint.PaintHint
 0001:000B83E4       Controls.TCustomHint.SetHintSize
 0001:000B850C       Controls.TCustomHint.SetImages
 0001:000B8844       Controls.TCustomHint.ShowAnotherHint
[...]
 0004:00003E7C       SysUtils.TEncoding.FBigEndianUnicodeEncoding
 0004:00003E80       SysUtils.TEncoding.FDefaultEncoding
 0004:00003E84       SysUtils.TEncoding.FUnicodeEncoding
 0004:00003E88       SysUtils.TEncoding.FUTF7Encoding
 0004:00003E8C       SysUtils.TEncoding.FUTF8Encoding
 0004:00003E90       SysUtils..36
 0004:00003E94       SysUtils.OutOfMemory
 0004:00003E98       SysUtils.InvalidPointer
 0004:00003E9C       SysUtils.SyncEventCache
 0004:00003F9C       SysUtils.EventCache
 0004:00003FA0       SysUtils.EventItemHolders
 0004:00003FA4       SysUtils.ValidatedUnitHashBuckets
 0004:00004F98       SysUtils.UnitHashBuckets
 0004:00005F8C       SysUtils.FLanguages
 0004:00005F90       VarUtils.VariantChangeTypeEx
 0004:00005F94       VarUtils.VarNeg
 0004:00005F98       VarUtils.VarNot
 0004:00005F9C       VarUtils.VarAdd
 0004:00005FA0       VarUtils.VarSub
 0004:00005FA4       VarUtils.VarMul
 0004:00005FA8       VarUtils.VarDiv
 0004:00005FAC       VarUtils.VarIDiv
 0004:00005FB0       VarUtils.VarMod
 0004:00005FB4       VarUtils.VarAnd
 0004:00005FB8       VarUtils.VarOr
 0004:00005FBC       VarUtils.VarXor
 0004:00005FC0       VarUtils.VarCmp
 0004:00005FC4       VarUtils.VarI4FromStr
 0004:00005FC8       VarUtils.VarR4FromStr
 0004:00005FCC       VarUtils.VarR8FromStr
 0004:00005FD0       VarUtils.VarDateFromStr
 0004:00005FD4       VarUtils.VarCyFromStr
 0004:00005FD8       VarUtils.VarBoolFromStr
 0004:00005FDC       VarUtils.VarBstrFromCy
 0004:00005FE0       VarUtils.VarBstrFromDate
 0004:00005FE4       VarUtils.VarBstrFromBool
 0004:00005FE8       VarUtils..5
 0004:00005FEC       Variants.EmptyParam
 0004:00005FFC       Variants.VarDispProc
 0004:00006000       Variants.ClearAnyProc
 0004:00006004       Variants.ChangeAnyProc
 0004:00006008       Variants.RefAnyProc
 0004:0000600C       Variants..81
 0004:00006010       Variants.LVarTypes
 0004:00006014       Variants.LVarTypeSync
 0004:0000602C       TypInfo..5
 0004:00006030       Classes.GlobalNameSpace
 0004:00006034       Classes.IsUniqueGlobalComponentNameProc
 0004:00006038       Classes.SyncEvent
 0004:0000603C       Classes..66
 0004:00006040       Classes.IntConstList
 0004:00006044       Classes.RegGroups
 0004:00006048       Classes.FindGlobalComponentProcs
 0004:0000604C       Classes.GlobalFixupList
 0004:00006050       Classes.ThreadLock
 0004:00006068       Classes.ThreadCount
 0004:0000606C       Classes.ExternalThreads
 0004:00006070       Classes.InstBlockList
 0004:00006074       Classes.InstFreeList
 0004:00006078       HelpIntfs..2
 0004:0000607C       HelpIntfs.HelpManager
 0004:00006080       MultiMon.GetSystemMetrics
 0004:00006084       MultiMon.MonitorFromWindow
 0004:00006088       MultiMon.MonitorFromRect
 0004:0000608C       MultiMon.MonitorFromPoint
 0004:00006090       MultiMon.GetMonitorInfo
 0004:00006094       MultiMon.GetMonitorInfoA
 0004:00006098       MultiMon.GetMonitorInfoW
 0004:0000609C       MultiMon.EnumDisplayMonitors
 0004:000060A0       MultiMon..1
 0004:000060A4       MultiMon.User32Dll
 0004:000060A8       MultiMon.InitApis
 0004:000060B0       MultiMon.MMAvailable
 0004:000060B4       IniFiles..7
 0004:000060B8       Registry..5
 0004:000060BC       Graphics.SystemPalette16
 0004:000060C0       Graphics..12
 0004:000060C4       Graphics.ScreenLogPixels
 0004:000060C8       Graphics.StockPen
 0004:000060CC       Graphics.StockBrush
 0004:000060D0       Graphics.StockFont
 0004:000060D4       Graphics.StockIcon
 0004:000060D8       Graphics.BitmapImageLock
 0004:000060F0       Graphics.CounterLock
 0004:00006108       Graphics.FontManager
 0004:0000610C       Graphics.PenManager
 0004:00006110       Graphics.BrushManager
 0004:00006114       Graphics.CanvasList
 0004:00006118       Graphics.PatternManager
 0004:0000611C       SyncObjs..01
 0004:00006120       SyncObjs.CoWaitForMultipleHandlesProc
 0004:00006124       SyncObjs.InitializeConditionVariableProc
 0004:00006128       SyncObjs.SleepConditionVariableCSProc
 0004:0000612C       SyncObjs.WakeConditionVariableProc
 0004:00006130       SyncObjs.WakeAllConditionVariableProc
 0004:00006134       UxTheme.OpenThemeData
 0004:00006138       UxTheme.CloseThemeData
 0004:0000613C       UxTheme.DrawThemeBackground
 0004:00006140       UxTheme.DrawThemeText
 0004:00006144       UxTheme.GetThemeBackgroundContentRect
 0004:00006148       UxTheme.GetThemeBackgroundExtent
 0004:0000614C       UxTheme.GetThemePartSize
 0004:00006150       UxTheme.GetThemeTextExtent
 0004:00006154       UxTheme.GetThemeTextMetrics
 0004:00006158       UxTheme.GetThemeBackgroundRegion
 0004:0000615C       UxTheme.HitTestThemeBackground
 0004:00006160       UxTheme.DrawThemeEdge
 0004:00006164       UxTheme.DrawThemeIcon
 0004:00006168       UxTheme.IsThemePartDefined
 0004:0000616C       UxTheme.IsThemeBackgroundPartiallyTransparent
 0004:00006170       UxTheme.GetThemeColor
 0004:00006174       UxTheme.GetThemeMetric
 0004:00006178       UxTheme.GetThemeString
 0004:0000617C       UxTheme.GetThemeBool
 0004:00006180       UxTheme.GetThemeInt
 0004:00006184       UxTheme.GetThemeEnumValue
 0004:00006188       UxTheme.GetThemePosition
 0004:0000618C       UxTheme.GetThemeFont
 0004:00006190       UxTheme.GetThemeRect
 0004:00006194       UxTheme.GetThemeMargins
 0004:00006198       UxTheme.GetThemeIntList
 0004:0000619C       UxTheme.GetThemePropertyOrigin
 0004:000061A0       UxTheme.SetWindowTheme
 0004:000061A4       UxTheme.GetThemeFilename
 0004:000061A8       UxTheme.GetThemeSysColor
 0004:000061AC       UxTheme.GetThemeSysColorBrush
 0004:000061B0       UxTheme.GetThemeSysBool
 0004:000061B4       UxTheme.GetThemeSysSize
 0004:000061B8       UxTheme.GetThemeSysFont
 0004:000061BC       UxTheme.GetThemeSysString
 0004:000061C0       UxTheme.GetThemeSysInt
 0004:000061C4       UxTheme.IsThemeActive
 0004:000061C8       UxTheme.IsAppThemed
 0004:000061CC       UxTheme.GetWindowTheme
 0004:000061D0       UxTheme.EnableThemeDialogTexture
 0004:000061D4       UxTheme.IsThemeDialogTextureEnabled
 0004:000061D8       UxTheme.GetThemeAppProperties
 0004:000061DC       UxTheme.SetThemeAppProperties
 0004:000061E0       UxTheme.GetCurrentThemeName
 0004:000061E4       UxTheme.GetThemeDocumentationProperty
 0004:000061E8       UxTheme.DrawThemeParentBackground
 0004:000061EC       UxTheme.EnableTheming
 0004:000061F0       UxTheme..1
 0004:000061F4       UxTheme.ThemeLibrary
 0004:000061F8       UxTheme.ReferenceCount
 0004:000061FC       UxTheme.Lock
 0004:00006200       UxTheme._DrawThemeTextEx
 0004:00006204       UxTheme._BeginBufferedPaint
 0004:00006208       UxTheme._EndBufferedPaint
 0004:0000620C       UxTheme._BufferedPaintSetAlpha
 0004:00006210       DwmApi..1
 0004:00006214       DwmApi.hDWMAPI
 0004:00006218       DwmApi._DwmExtendFrameIntoClientArea
 0004:0000621C       DwmApi._DwmIsCompositionEnabled
 0004:00006220       GraphUtil..2
 0004:00006224       GraphUtil.MsImgHandle
 0004:00006228       GraphUtil.MsImgInitialized
 0004:0000622C       GraphUtil.GradientFillFunc
 0004:00006230       Printers..3
 0004:00006234       Clipbrd.CF_PICTURE
 0004:00006236       Clipbrd.CF_COMPONENT
 0004:00006238       Clipbrd..3
 0004:0000623C       Clipbrd.FClipboard
 0004:00006240       ExtCtrls.TCustomTrayIcon.RM_TaskbarCreated
 0004:00006244       ExtCtrls..94
 0004:00006248       ComCtrls..96
 0004:0000624C       ComCtrls.ConversionFormatList
 0004:00006250       ComCtrls.ShellModule
 0004:00006254       ComCtrls.FRichEditModule
 0004:00006258       Dialogs..03
 0004:0000625C       Dialogs.HelpMsg
 0004:00006260       Dialogs.FindMsg
 0004:00006264       Dialogs.ButtonWidths
 0004:00006294       FlatSB.FlatSB_EnableScrollBar
 0004:00006298       FlatSB.FlatSB_ShowScrollBar
 0004:0000629C       FlatSB.FlatSB_GetScrollRange
 0004:000062A0       FlatSB.FlatSB_GetScrollInfo
 0004:000062A4       FlatSB.FlatSB_GetScrollPos
 0004:000062A8       FlatSB.FlatSB_SetScrollPos
 0004:000062AC       FlatSB.FlatSB_SetScrollInfo
 0004:000062B0       FlatSB.FlatSB_SetScrollRange
 0004:000062B4       FlatSB..1
 0004:000062B8       FlatSB._FlatSB_GetScrollProp
 0004:000062BC       FlatSB._FlatSB_SetScrollProp
 0004:000062C0       FlatSB._InitializeFlatSB
 0004:000062C4       FlatSB._UninitializeFlatSB
 0004:000062C8       Menus.PopupList
 0004:000062CC       Menus.ShortCutItems
 0004:000062D0       Menus..01
 0004:000062D4       Menus.CommandPool
 0004:000062D8       Controls.Mouse
 0004:000062DC       Controls.IsVCLControlHook
 0004:000062E4       Controls.NewStyleControls
 0004:000062E8       Controls..73
 0004:000062EC       Controls.WindowAtom
 0004:000062EE       Controls.ControlAtom
 0004:000062F0       Controls.WindowAtomString
 0004:000062F4       Controls.ControlAtomString
 0004:000062F8       Controls.RM_GetObjectInstance
 0004:000062FC       Controls.DragControl
 0004:00006300       Controls.DragObject
 0004:00006304       Controls.DragInternalObject
 0004:00006308       Controls.DragCapture
 0004:0000630C       Controls.DragStartPos
 0004:00006314       Controls.DragSaveCursor
 0004:00006318       Controls.DragThreshold
 0004:0000631C       Controls.ActiveDrag
 0004:00006320       Controls.DragImageList
 0004:00006324       Controls.DockSiteList
 0004:00006328       Controls.QualifyingSites
 0004:0000632C       Controls.DragSave
 0004:00006330       Controls.CanvasList
 0004:00006334       Controls.FlagControl
 0004:00006338       Controls._WINNLSEnableIME
 0004:0000633C       Controls._ImmGetContext
 0004:00006340       Controls._ImmReleaseContext
 0004:00006344       Controls._ImmGetConversionStatus
 0004:00006348       Controls._ImmSetConversionStatus
 0004:0000634C       Controls._ImmSetOpenStatus
 0004:00006350       Controls._ImmSetCompositionWindow
 0004:00006354       Controls._ImmSetCompositionFont
 0004:00006358       Controls._ImmGetCompositionString
 0004:0000635C       Controls._ImmIsIME
 0004:00006360       Controls._ImmNotifyIME
 0004:00006364       Themes..2
 0004:00006368       Themes.InternalServices
 0004:0000636C       Themes.RM_UnthemedDesigner
 0004:00006370       ImgList.CachedComCtrlVer
 0004:00006374       ImgList.ImageListWriteExProc
 0004:00006378       ActnList..9
 0004:0000637C       Forms.Application
 0004:00006380       Forms.Screen
 0004:00006384       Forms..51
 0004:00006388       Forms.RM_TaskbarCreated
 0004:0000638C       Forms.HintThreadID
 0004:00006390       Forms.HintDoneEvent
 0004:00006394       Forms.HintHook
 0004:00006398       Forms.HintThread
 0004:0000639C       Forms.IdleTimerHandle
 0004:000063A0       Forms.IdleTimerDelegate
 0004:000063A4       Buttons..5
 0004:000063A8       Buttons.BitBtnGlyphs
 0004:000063D4       tfAbout.AboutForm
 0004:000063D8       tfMain.MainForm
 0005:00000000       System.RaiseListPtr
 0005:00000004       System.InOutRes
 0005:00000008       madExcept.LastExceptObject
 0005:0000000C       madExcept.LastExceptAddr
 0005:00000010       madExcept.LastContext
 0005:000000DC       madExcept.isapiBugReport
 0005:000000E0       madExcept.isapiExceptAddr
 0005:000000E4       Classes.GlobalLoaded
 0005:000000E8       Classes.GlobalLists
 0005:000000EC       Classes.InternalCurrentThread
 0005:000000F0       SyncObjs.OleThreadWnd
 0005:000000F4       GraphUtil.CachedHighlightLum
 0005:000000F8       GraphUtil.CachedHighlightColor
 0005:000000FC       GraphUtil.CachedHighlight
 0005:00000100       GraphUtil.CachedShadowLum
 0005:00000104       GraphUtil.CachedShadowColor
 0005:00000108       GraphUtil.CachedShadow
 0005:0000010C       GraphUtil.CachedColorValue
 0005:00000110       GraphUtil.CachedLumValue
 0005:00000114       GraphUtil.CachedColorAdjustLuma
 0005:00000118       SysInit.TlsLast


Line numbers for madLinkDisAsm(madLinkDisAsm.pas) segment .itext

    19 0002:000001A4    27 0002:000001AD    30 0002:000001BA

Line numbers for VersionInfo(VersionInfo.pas) segment .text

    98 0001:000CFC38    99 0001:000CFC67   103 0001:000CFC71   104 0001:000CFC7B
   105 0001:000CFC83   106 0001:000CFC97   108 0001:000CFC9F   109 0001:000CFCAE
   110 0001:000CFCBC   112 0001:000CFCD4   113 0001:000CFCDB   114 0001:000CFCFB
   116 0001:000CFD03   117 0001:000CFD23   119 0001:000CFD31   122 0001:000CFD46
   124 0001:000CFD4F   125 0001:000CFD5A   129 0001:000CFD6A   132 0001:000CFDE0
   133 0001:000CFDEB   134 0001:000CFDF2   135 0001:000CFDF7   136 0001:000CFDFB
   137 0001:000CFE07   184 0001:000CFE18   185 0001:000CFE1B   187 0001:000CFE27
   188 0001:000CFE31   189 0001:000CFE38   191 0001:000CFE49   192 0001:000CFE58
   313 0001:000CFE64   314 0001:000CFE6F   315 0001:000CFE7B   317 0001:000CFEC6
   319 0001:000CFF22

Line numbers for tfAbout(tfAbout.pas) segment .text

    36 0001:000D00F0    37 0001:000D010E    38 0001:000D011C    39 0001:000D013D
    40 0001:000D014B    42 0001:000D016F    45 0001:000D017F    46 0001:000D01BB
    48 0001:000D01D3    50 0001:000D0272

Line numbers for tfMain(tfMain.pas) segment .text

   212 0001:000D0558   213 0001:000D0562   214 0001:000D056E   215 0001:000D057A
   216 0001:000D0586   217 0001:000D0590   218 0001:000D059D   219 0001:000D05AA
   220 0001:000D05BD   221 0001:000D05C2   222 0001:000D05D2   223 0001:000D05DC
   224 0001:000D0605   225 0001:000D0612   226 0001:000D061F   227 0001:000D0646
   228 0001:000D0653   229 0001:000D0660   230 0001:000D066C   231 0001:000D0676
   232 0001:000D0680   233 0001:000D068A   234 0001:000D0696   235 0001:000D06C0
   220 0001:000D06C1   236 0001:000D06CA   237 0001:000D06E3   238 0001:000D06FC
   240 0001:000D070B   241 0001:000D0717   255 0001:000D07B4   256 0001:000D07BA
   257 0001:000D07D7   259 0001:000D0855   260 0001:000D0873   261 0001:000D0880
   275 0001:000D08E4   276 0001:000D08EA   278 0001:000D0906   279 0001:000D093E
   280 0001:000D096B   281 0001:000D098B   282 0001:000D09B4   283 0001:000D09D2
   285 0001:000D09E1   289 0001:000D0A3C   290 0001:000D0A42   291 0001:000D0A63
   299 0001:000D0A74   300 0001:000D0A7B   302 0001:000D0A97   303 0001:000D0AB2
   304 0001:000D0ABB   305 0001:000D0AD1   306 0001:000D0AF6   307 0001:000D0B24
   309 0001:000D0B5B   311 0001:000D0B99   314 0001:000D0BA5   315 0001:000D0BB2
   317 0001:000D0BB4   318 0001:000D0BC9   319 0001:000D0BD5   320 0001:000D0BDF
   322 0001:000D0BF8   324 0001:000D0C02   325 0001:000D0C0F   326 0001:000D0C20
   327 0001:000D0C24   329 0001:000D0C30   335 0001:000D0C90   336 0001:000D0C96
   337 0001:000D0CB4   338 0001:000D0CC1   339 0001:000D0CCD   340 0001:000D0CDC
   341 0001:000D0CF9   342 0001:000D0D05   364 0001:000D0D18   365 0001:000D0D1E
   366 0001:000D0D2C   367 0001:000D0D3A   368 0001:000D0D48   369 0001:000D0D56
   370 0001:000D0D64   371 0001:000D0D72   372 0001:000D0D7F   373 0001:000D0D8C
   374 0001:000D0DAD   375 0001:000D0DB9   376 0001:000D0DC1   377 0001:000D0DCE
   378 0001:000D0DDA   375 0001:000D0DDD   379 0001:000D0DE0   380 0001:000D0DFC
   386 0001:000D0E20   387 0001:000D0E26   388 0001:000D0E44   390 0001:000D0E5D
   391 0001:000D0E6C   392 0001:000D0E97   394 0001:000D0F1B   395 0001:000D0F3B
   397 0001:000D0F5E   398 0001:000D0F8F   401 0001:000D0FE0   402 0001:000D0FE3
   403 0001:000D0FEB   404 0001:000D0FFC   405 0001:000D100D   407 0001:000D101E
   410 0001:000D1020   411 0001:000D1023   412 0001:000D1034   413 0001:000D1045
   415 0001:000D1056   424 0001:000D1058   425 0001:000D10A7   426 0001:000D10BD
   427 0001:000D10C1   429 0001:000D10CF   430 0001:000D10F0   431 0001:000D1101
   432 0001:000D1108   433 0001:000D111B   434 0001:000D112E   435 0001:000D1141
   436 0001:000D1166   438 0001:000D118B   439 0001:000D11B0   440 0001:000D11BE
   442 0001:000D11F3   443 0001:000D1203   444 0001:000D1211   445 0001:000D1238
   446 0001:000D127E   447 0001:000D128C   450 0001:000D12CC   451 0001:000D12E1
   454 0001:000D12EA   444 0001:000D12ED   457 0001:000D1311   458 0001:000D135B
   462 0001:000D1371   464 0001:000D1389   465 0001:000D1393   466 0001:000D1406
   469 0001:000D1416   492 0001:000D15AC   495 0001:000D15D1   496 0001:000D15D8
   497 0001:000D15E4   498 0001:000D162A   499 0001:000D1654   500 0001:000D1662
   501 0001:000D1678   502 0001:000D1690   503 0001:000D16AF   499 0001:000D16B0
   504 0001:000D16B3   505 0001:000D16C6   506 0001:000D16D9   507 0001:000D1701
   508 0001:000D1739   509 0001:000D174C   510 0001:000D1762   511 0001:000D1778
   512 0001:000D17DE   513 0001:000D1844   514 0001:000D1857   515 0001:000D186D
   516 0001:000D188C   517 0001:000D18F2   518 0001:000D1963   519 0001:000D19E7
   520 0001:000D19FA   522 0001:000D1A10   523 0001:000D1A1E   524 0001:000D1A61
   525 0001:000D1A95   527 0001:000D1AAC   534 0001:000D1B4A   535 0001:000D1B58
   536 0001:000D1B66   535 0001:000D1B86   538 0001:000D1B89   539 0001:000D1BC9
   541 0001:000D1BE0   544 0001:000D1C7E   545 0001:000D1CD6   546 0001:000D1CE0
   548 0001:000D1CF7   551 0001:000D1DAE   553 0001:000D1DBF   555 0001:000D1DC2
   556 0001:000D1DD5   557 0001:000D1E1E   558 0001:000D1E58   561 0001:000D1E6F
   563 0001:000D1F2B   565 0001:000D1F3E   566 0001:000D1F54   567 0001:000D1F6A
   568 0001:000D1F80   569 0001:000D1F9D   570 0001:000D1FBA   571 0001:000D1FC2
   572 0001:000D1FD0   571 0001:000D1FF2   573 0001:000D1FF5   574 0001:000D202B
   575 0001:000D2041   576 0001:000D204B   575 0001:000D2068   577 0001:000D206B
   578 0001:000D2087   579 0001:000D2095   580 0001:000D20A8   581 0001:000D20C4
   578 0001:000D20C5   582 0001:000D20C8   583 0001:000D20DB   584 0001:000D20EE
   585 0001:000D2154   586 0001:000D21BA   587 0001:000D21D0   588 0001:000D21EF
   589 0001:000D2255   590 0001:000D22C6   591 0001:000D234A   592 0001:000D235D
   595 0001:000D2373   596 0001:000D2381   597 0001:000D238F   596 0001:000D23AC
   599 0001:000D23AF   600 0001:000D23EE   601 0001:000D2405   603 0001:000D2411
   605 0001:000D2414   606 0001:000D2432   607 0001:000D243A   608 0001:000D2448
   607 0001:000D246A   609 0001:000D246D   610 0001:000D247B   611 0001:000D2482
   612 0001:000D2499   610 0001:000D24AE   615 0001:000D24B1   617 0001:000D24FC
   618 0001:000D2512   619 0001:000D252E   620 0001:000D2538   621 0001:000D2554
   622 0001:000D2570   623 0001:000D2583   619 0001:000D2584   624 0001:000D2587
   625 0001:000D25D1   626 0001:000D25F9   627 0001:000D2607   628 0001:000D260E
   629 0001:000D261B   630 0001:000D2633   631 0001:000D264A   632 0001:000D2660
   634 0001:000D2737   637 0001:000D27B2   639 0001:000D27C0   640 0001:000D27CE
   639 0001:000D27EB   641 0001:000D27EE   642 0001:000D282D   643 0001:000D2844
   645 0001:000D2850   647 0001:000D2853   648 0001:000D2871   649 0001:000D2879
   650 0001:000D2887   649 0001:000D28A9   651 0001:000D28AC   652 0001:000D28C3
   653 0001:000D28D1   654 0001:000D28D8   655 0001:000D28F5   653 0001:000D2910
   658 0001:000D2913   660 0001:000D295E   661 0001:000D2974   662 0001:000D2990
   663 0001:000D299A   664 0001:000D29B6   665 0001:000D29D2   666 0001:000D29E5
   662 0001:000D29E6   668 0001:000D29E9   669 0001:000D2A33   670 0001:000D2A49
   671 0001:000D2A57   672 0001:000D2A65   673 0001:000D2A6C   674 0001:000D2A79
   675 0001:000D2A8F   677 0001:000D2AA6   678 0001:000D2ABC   680 0001:000D2B7D
   687 0001:000D2BFD   689 0001:000D2C12   690 0001:000D2C28   693 0001:000D2C3B
   694 0001:000D2C81   697 0001:000D318C   698 0001:000D3192   699 0001:000D31A0
   700 0001:000D31B6   702 0001:000D31D2   703 0001:000D31DA   705 0001:000D320B

Line numbers for FailSafeNumberCalculator(FailSafeNumberCalculator.dpr) segment .itext

    15 0002:000009C8    16 0002:000009D8    17 0002:000009E4    18 0002:000009FC
    19 0002:00000A08

Bound resource files

c:\program files\codegear\rad studio\6.0\lib\character.res
c:\program files\codegear\rad studio\6.0\lib\Controls.res
c:\program files\codegear\rad studio\6.0\lib\Buttons.res
tfAbout.dfm
tfMain.dfm
FailSafeNumberCalculator.res
FailSafeNumberCalculator.drf


Program entry point at 0002:000009C8
